env_id='gess' seed=1 max_num_iters=366 resume_from='checkpoints/gess_20260929163401/000332.ckpt' reseed_on_resume=False resume_as_new_run=True init_from='' obs_planes=0 wandb_run_id='' num_channels=128 num_layers=6 resnet_v2=True num_heads=-1 num_attention_layers=1 cell_policy_head=False architecture='gessformer' mlp_width=256 mlp_layers=3 mlp_onehot_bins=0 gf_stem_channels=64 gf_stem_blocks=2 gf_embed_dim=192 gf_num_layers=6 gf_num_heads=8 gf_ffn_mult=2.0 gf_gab=True gf_remat=True gf_joint_head=True rf_embed_dim=96 rf_num_layers=4 rf_num_heads=4 rf_ffn_mult=2.0 rf_stem_blocks=1 rf_remat=True rf_attn_bf16=True rf_symmetric=False bf_stem_channels=64 bf_stem_blocks=2 bf_embed_dim=192 bf_num_layers=6 bf_num_heads=8 bf_ffn_mult=2.0 bf_gab=True bf_remat=True selfplay_batch_size=1024 num_simulations=64 chance_samples=1 chance_exact=False qtransform='completed_by_mix_value' selfplay_bf16=True playout_cap_prob=0.25 fast_num_simulations=8 sim_schedule='' max_num_steps=256 continue_games=True selfplay_sample_plies=0 max_pending_steps=1024 save_data_state=True training_batch_size=4096 train_micro_batches=4 symmetry_augmentation=True replay_buffer_iters=4 num_updates_per_iter=256 learning_rate=0.0089587 weight_decay=0.0001 warmup_steps=200 grad_clip_norm=1.0 lr_schedule='cosine' lr_final_ratio=0.001116 eval_interval=4 mcts_eval_opponent='checkpoints/gess_20260929163401/000332.ckpt' mcts_eval_interval_hours=1.0 mcts_eval_games=128 mcts_eval_batch_size=128 mcts_eval_simulations=32
Resuming from checkpoint: checkpoints/gess_20260929163401/000332.ckpt
wandb: Currently logged in as: calr (aptometry) to https://api.wandb.ai. Use `wandb login --relogin` to force relogin
wandb: setting up run wg0172pa
wandb: Tracking run with wandb version 0.23.1
wandb: Run data is saved locally in /home/charlie/calr3gh/pgx/wandb/run-20260929_215718-wg0172pa
wandb: Run `wandb offline` to turn off syncing.
wandb: Syncing run fallen-butterfly-51
wandb: ⭐️ View project at https://wandb.ai/aptometry/pgx-az-gess
wandb: 🚀 View run at https://wandb.ai/aptometry/pgx-az-gess/runs/wg0172pa
resume_from: new parameter gess_former/joint_rel (1521,) (fresh init)
resume_from: new parameter gess_former/joint_gates (2,) (fresh init)
resume_from: new parameter gess_former/joint_query/w (64, 64) (fresh init)
resume_from: new parameter gess_former/joint_query/b (64,) (fresh init)
resume_from: new parameter gess_former/joint_key/w (64, 64) (fresh init)
resume_from: new parameter gess_former/joint_key/b (64,) (fresh init)
resume_from (optimizer): new parameter gess_former/joint_rel (1521,) (zeros)
resume_from (optimizer): new parameter gess_former/joint_gates (2,) (zeros)
resume_from (optimizer): new parameter gess_former/joint_query/w (64, 64) (zeros)
resume_from (optimizer): new parameter gess_former/joint_query/b (64,) (zeros)
resume_from (optimizer): new parameter gess_former/joint_key/w (64, 64) (zeros)
resume_from (optimizer): new parameter gess_former/joint_key/b (64,) (zeros)
resume_from (optimizer): new parameter gess_former/joint_rel (1521,) (zeros)
resume_from (optimizer): new parameter gess_former/joint_gates (2,) (zeros)
resume_from (optimizer): new parameter gess_former/joint_query/w (64, 64) (zeros)
resume_from (optimizer): new parameter gess_former/joint_query/b (64,) (zeros)
resume_from (optimizer): new parameter gess_former/joint_key/w (64, 64) (zeros)
resume_from (optimizer): new parameter gess_former/joint_key/b (64,) (zeros)
Resumed at iteration 332 (87031808 frames, 36.40 hours)
Restored replay buffer (1048576 samples), 115552 held-back steps and in-progress games from checkpoints/gess_20260929163401/data_state.pkl
{'iteration': 332, 'hours': 36.40407092584505, 'frames': 87031808, 'eval/mcts/score': 0.5, 'eval/mcts/elo': 0.0, 'eval/mcts/draw_rate': 0.1875, 'eval/mcts/seconds': 150.87249970436096}
Replay buffer: 9.16 GiB allocated for 4 iterations
{'iteration': 333, 'train/policy_loss': 0.7234145028050989, 'train/value_loss': 0.28796908364165574, 'train/terminate_rate': 0.9677734375, 'train/replay_buffer_samples': 1048576, 'train/num_updates': 256, 'train/sample_reuse': 4.0, 'train/new_samples': 262676, 'train/value_target_fraction': 1.0, 'train/pending_steps': 115020, 'selfplay/num_simulations': 64, 'selfplay/games_finished': 1256, 'selfplay/full_search_fraction': 0.203125, 'selfplay/draw_rate': 0.06847133757961783, 'selfplay/clock_end_rate': 0.2125796178343949, 'selfplay/steps_per_game': 208.71337579617835, 'hours': 36.565528080198504, 'frames': 87293952}
{'iteration': 334, 'train/policy_loss': 0.7237128175329417, 'train/value_loss': 0.28032951161731035, 'train/terminate_rate': 0.9697265625, 'train/replay_buffer_samples': 1048576, 'train/num_updates': 256, 'train/sample_reuse': 4.0, 'train/new_samples': 265854, 'train/value_target_fraction': 1.0, 'train/pending_steps': 111310, 'selfplay/num_simulations': 64, 'selfplay/games_finished': 1227, 'selfplay/full_search_fraction': 0.28125, 'selfplay/draw_rate': 0.08312958435207823, 'selfplay/clock_end_rate': 0.2208638956805216, 'selfplay/steps_per_game': 213.64629176854115, 'hours': 36.72720749398073, 'frames': 87556096}
{'iteration': 335, 'train/policy_loss': 0.7332167078275234, 'train/value_loss': 0.26206237950827926, 'train/terminate_rate': 0.94921875, 'train/replay_buffer_samples': 1048576, 'train/num_updates': 256, 'train/sample_reuse': 4.0, 'train/new_samples': 256058, 'train/value_target_fraction': 1.0, 'train/pending_steps': 117396, 'selfplay/num_simulations': 64, 'selfplay/games_finished': 1196, 'selfplay/full_search_fraction': 0.234375, 'selfplay/draw_rate': 0.0802675585284281, 'selfplay/clock_end_rate': 0.2801003344481605, 'selfplay/steps_per_game': 219.1839464882943, 'hours': 36.864555903143355, 'frames': 87818240}
Creating AZ model with num_heads=-1
Saving checkpoint: checkpoints/gess_20260930055738/000336.ckpt
Saving data state: checkpoints/gess_20260930055738/data_state.pkl
{'iteration': 336, 'train/policy_loss': 0.7844904086086899, 'train/value_loss': 0.25100318249315023, 'train/terminate_rate': 0.9580078125, 'train/replay_buffer_samples': 1048576, 'train/num_updates': 256, 'train/sample_reuse': 4.0, 'train/new_samples': 266116, 'train/value_target_fraction': 1.0, 'train/pending_steps': 113424, 'selfplay/num_simulations': 64, 'selfplay/games_finished': 1246, 'selfplay/full_search_fraction': 0.23046875, 'selfplay/draw_rate': 0.06821829855537721, 'selfplay/clock_end_rate': 0.2375601926163724, 'selfplay/steps_per_game': 210.3884430176565, 'hours': 37.004244567089614, 'frames': 88080384, 'eval/vs_baseline/avg_R': 0.169921875, 'eval/vs_baseline/win_rate': 0.5849609375, 'eval/vs_baseline/draw_rate': 0.0, 'eval/vs_baseline/lose_rate': 0.4150390625, 'eval/vs_baseline/value_mse': 0.4769153892993927}
{'iteration': 337, 'train/policy_loss': 0.8377783454488963, 'train/value_loss': 0.24579823639942333, 'train/terminate_rate': 0.9697265625, 'train/replay_buffer_samples': 1048576, 'train/num_updates': 256, 'train/sample_reuse': 4.0, 'train/new_samples': 259728, 'train/value_target_fraction': 1.0, 'train/pending_steps': 115840, 'selfplay/num_simulations': 64, 'selfplay/games_finished': 1272, 'selfplay/full_search_fraction': 0.25, 'selfplay/draw_rate': 0.06446540880503145, 'selfplay/clock_end_rate': 0.19968553459119498, 'selfplay/steps_per_game': 206.08805031446542, 'hours': 37.1468278810713, 'frames': 88342528}
{'iteration': 338, 'train/policy_loss': 0.9231175924651325, 'train/value_loss': 0.24180860444903374, 'train/terminate_rate': 0.951171875, 'train/replay_buffer_samples': 1048576, 'train/num_updates': 256, 'train/sample_reuse': 4.0, 'train/new_samples': 258964, 'train/value_target_fraction': 1.0, 'train/pending_steps': 119020, 'selfplay/num_simulations': 64, 'selfplay/games_finished': 1214, 'selfplay/full_search_fraction': 0.24609375, 'selfplay/draw_rate': 0.07413509060955518, 'selfplay/clock_end_rate': 0.2504118616144975, 'selfplay/steps_per_game': 215.9341021416804, 'hours': 37.28754633227984, 'frames': 88604672}
{'iteration': 339, 'train/policy_loss': 0.9862316912040114, 'train/value_loss': 0.2441027303575538, 'train/terminate_rate': 0.966796875, 'train/replay_buffer_samples': 1048576, 'train/num_updates': 256, 'train/sample_reuse': 4.0, 'train/new_samples': 271914, 'train/value_target_fraction': 1.0, 'train/pending_steps': 109250, 'selfplay/num_simulations': 64, 'selfplay/games_finished': 1297, 'selfplay/full_search_fraction': 0.2734375, 'selfplay/draw_rate': 0.06707787201233616, 'selfplay/clock_end_rate': 0.220508866615266, 'selfplay/steps_per_game': 202.11565150346954, 'hours': 37.43661410007211, 'frames': 88866816, 'eval/mcts/score': 0.21875, 'eval/mcts/elo': -221.1367874631123, 'eval/mcts/draw_rate': 0.140625, 'eval/mcts/seconds': 145.94216752052307}
Saving checkpoint: checkpoints/gess_20260930055738/000340.ckpt
Saving data state: checkpoints/gess_20260930055738/data_state.pkl
{'iteration': 340, 'train/policy_loss': 1.0220426481682807, 'train/value_loss': 0.2422854484175332, 'train/terminate_rate': 0.9541015625, 'train/replay_buffer_samples': 1048576, 'train/num_updates': 256, 'train/sample_reuse': 4.0, 'train/new_samples': 251958, 'train/value_target_fraction': 1.0, 'train/pending_steps': 119436, 'selfplay/num_simulations': 64, 'selfplay/games_finished': 1197, 'selfplay/full_search_fraction': 0.25390625, 'selfplay/draw_rate': 0.0785296574770259, 'selfplay/clock_end_rate': 0.2222222222222222, 'selfplay/steps_per_game': 219.00083542188804, 'hours': 37.57658753262625, 'frames': 89128960, 'eval/vs_baseline/avg_R': 0.099609375, 'eval/vs_baseline/win_rate': 0.5498046875, 'eval/vs_baseline/draw_rate': 0.0, 'eval/vs_baseline/lose_rate': 0.4501953125, 'eval/vs_baseline/value_mse': 0.5604241490364075}
{'iteration': 341, 'train/policy_loss': 1.0548859522677958, 'train/value_loss': 0.24907586118206382, 'train/terminate_rate': 0.9521484375, 'train/replay_buffer_samples': 1048576, 'train/num_updates': 256, 'train/sample_reuse': 4.0, 'train/new_samples': 262458, 'train/value_target_fraction': 1.0, 'train/pending_steps': 119122, 'selfplay/num_simulations': 64, 'selfplay/games_finished': 1265, 'selfplay/full_search_fraction': 0.25, 'selfplay/draw_rate': 0.07509881422924901, 'selfplay/clock_end_rate': 0.19525691699604744, 'selfplay/steps_per_game': 207.2284584980237, 'hours': 37.723281766441126, 'frames': 89391104}
{'iteration': 342, 'train/policy_loss': 1.0307332708034664, 'train/value_loss': 0.254993001522962, 'train/terminate_rate': 0.9638671875, 'train/replay_buffer_samples': 1048576, 'train/num_updates': 256, 'train/sample_reuse': 4.0, 'train/new_samples': 264954, 'train/value_target_fraction': 1.0, 'train/pending_steps': 116312, 'selfplay/num_simulations': 64, 'selfplay/games_finished': 1290, 'selfplay/full_search_fraction': 0.28125, 'selfplay/draw_rate': 0.08759689922480621, 'selfplay/clock_end_rate': 0.21085271317829457, 'selfplay/steps_per_game': 203.2124031007752, 'hours': 37.877948614690034, 'frames': 89653248}
{'iteration': 343, 'train/policy_loss': 1.0316951700951904, 'train/value_loss': 0.25767865584930405, 'train/terminate_rate': 0.9482421875, 'train/replay_buffer_samples': 1048576, 'train/num_updates': 256, 'train/sample_reuse': 4.0, 'train/new_samples': 258362, 'train/value_target_fraction': 1.0, 'train/pending_steps': 120094, 'selfplay/num_simulations': 64, 'selfplay/games_finished': 1201, 'selfplay/full_search_fraction': 0.25, 'selfplay/draw_rate': 0.06078268109908409, 'selfplay/clock_end_rate': 0.19816819317235637, 'selfplay/steps_per_game': 218.2714404662781, 'hours': 38.022243297497425, 'frames': 89915392}
Saving checkpoint: checkpoints/gess_20260930055738/000344.ckpt
Saving data state: checkpoints/gess_20260930055738/data_state.pkl
{'iteration': 344, 'train/policy_loss': 1.0083933642599732, 'train/value_loss': 0.2661760983755812, 'train/terminate_rate': 0.95703125, 'train/replay_buffer_samples': 1048576, 'train/num_updates': 256, 'train/sample_reuse': 4.0, 'train/new_samples': 265526, 'train/value_target_fraction': 1.0, 'train/pending_steps': 116712, 'selfplay/num_simulations': 64, 'selfplay/games_finished': 1261, 'selfplay/full_search_fraction': 0.2734375, 'selfplay/draw_rate': 0.06582077716098335, 'selfplay/clock_end_rate': 0.17684377478191912, 'selfplay/steps_per_game': 207.88580491673275, 'hours': 38.174159483777146, 'frames': 90177536, 'eval/vs_baseline/avg_R': 0.05078125, 'eval/vs_baseline/win_rate': 0.525390625, 'eval/vs_baseline/draw_rate': 0.0, 'eval/vs_baseline/lose_rate': 0.474609375, 'eval/vs_baseline/value_mse': 0.5402148365974426}
{'iteration': 345, 'train/policy_loss': 0.9946404523216188, 'train/value_loss': 0.2708201758796349, 'train/terminate_rate': 0.96484375, 'train/replay_buffer_samples': 1048576, 'train/num_updates': 256, 'train/sample_reuse': 4.0, 'train/new_samples': 262440, 'train/value_target_fraction': 1.0, 'train/pending_steps': 116416, 'selfplay/num_simulations': 64, 'selfplay/games_finished': 1258, 'selfplay/full_search_fraction': 0.28125, 'selfplay/draw_rate': 0.037360890302066775, 'selfplay/clock_end_rate': 0.12082670906200318, 'selfplay/steps_per_game': 208.38155802861687, 'hours': 38.32528476211759, 'frames': 90439680}

Interrupt received -- will finish the current iteration, write a checkpoint, then exit. Press Ctrl+C again to exit immediately.
{'iteration': 346, 'train/policy_loss': 1.0059254909865558, 'train/value_loss': 0.2696908767102286, 'train/terminate_rate': 0.955078125, 'train/replay_buffer_samples': 1048576, 'train/num_updates': 256, 'train/sample_reuse': 4.0, 'train/new_samples': 260192, 'train/value_target_fraction': 1.0, 'train/pending_steps': 118368, 'selfplay/num_simulations': 64, 'selfplay/games_finished': 1217, 'selfplay/full_search_fraction': 0.265625, 'selfplay/draw_rate': 0.05258833196384552, 'selfplay/clock_end_rate': 0.1561216105176664, 'selfplay/steps_per_game': 215.40180772391125, 'hours': 38.478034792873586, 'frames': 90701824}
Saving checkpoint at iteration 346 before exiting...
Saving checkpoint: checkpoints/gess_20260930055738/000346.ckpt
Saving data state: checkpoints/gess_20260930055738/data_state.pkl
[1;34mwandb[0m: 
[1;34mwandb[0m: 🚀 View run [33mfallen-butterfly-51[0m at: [34m[0m
[1;34mwandb[0m: Find logs at: [1;35mwandb/run-20260929_215718-wg0172pa/logs[0m
env_id='gess' seed=1 max_num_iters=366 resume_from='checkpoints/gess_20260930055738/000346.ckpt' reseed_on_resume=False resume_as_new_run=False init_from='' obs_planes=0 wandb_run_id='' num_channels=128 num_layers=6 resnet_v2=True num_heads=-1 num_attention_layers=1 cell_policy_head=False architecture='gessformer' mlp_width=256 mlp_layers=3 mlp_onehot_bins=0 gf_stem_channels=64 gf_stem_blocks=2 gf_embed_dim=192 gf_num_layers=6 gf_num_heads=8 gf_ffn_mult=2.0 gf_gab=True gf_remat=True gf_joint_head=True rf_embed_dim=96 rf_num_layers=4 rf_num_heads=4 rf_ffn_mult=2.0 rf_stem_blocks=1 rf_remat=True rf_attn_bf16=True rf_symmetric=False bf_stem_channels=64 bf_stem_blocks=2 bf_embed_dim=192 bf_num_layers=6 bf_num_heads=8 bf_ffn_mult=2.0 bf_gab=True bf_remat=True selfplay_batch_size=1024 num_simulations=64 chance_samples=1 chance_exact=False qtransform='completed_by_mix_value' selfplay_bf16=True playout_cap_prob=0.25 fast_num_simulations=8 sim_schedule='' max_num_steps=256 continue_games=True selfplay_sample_plies=0 max_pending_steps=1024 save_data_state=True training_batch_size=4096 train_micro_batches=4 symmetry_augmentation=True replay_buffer_iters=4 num_updates_per_iter=256 learning_rate=0.0089587 weight_decay=0.0001 warmup_steps=200 grad_clip_norm=1.0 lr_schedule='cosine' lr_final_ratio=0.001116 eval_interval=4 mcts_eval_opponent='checkpoints/gess_20260929163401/000332.ckpt' mcts_eval_interval_hours=1.0 mcts_eval_games=128 mcts_eval_batch_size=128 mcts_eval_simulations=32
Resuming from checkpoint: checkpoints/gess_20260930055738/000346.ckpt
wandb: Currently logged in as: calr (aptometry) to https://api.wandb.ai. Use `wandb login --relogin` to force relogin
wandb: setting up run wg0172pa
wandb: Tracking run with wandb version 0.23.1
wandb: Run data is saved locally in /home/charlie/calr3gh/pgx/wandb/run-20260930_083126-wg0172pa
wandb: Run `wandb offline` to turn off syncing.
wandb: Resuming run fallen-butterfly-51
wandb: ⭐️ View project at https://wandb.ai/aptometry/pgx-az-gess
wandb: 🚀 View run at https://wandb.ai/aptometry/pgx-az-gess/runs/wg0172pa
Resumed at iteration 346 (90701824 frames, 38.48 hours)
Restored replay buffer (1048576 samples), 118368 held-back steps and in-progress games from checkpoints/gess_20260930055738/data_state.pkl
{'iteration': 346, 'hours': 38.478034792873586, 'frames': 90701824, 'eval/mcts/score': 0.27734375, 'eval/mcts/elo': -166.3653518735754, 'eval/mcts/draw_rate': 0.1484375, 'eval/mcts/seconds': 144.97486019134521}
Replay buffer: 9.16 GiB allocated for 4 iterations
{'iteration': 347, 'train/policy_loss': 0.9893740359693766, 'train/value_loss': 0.27215773798525333, 'train/terminate_rate': 0.9560546875, 'train/replay_buffer_samples': 1048576, 'train/num_updates': 256, 'train/sample_reuse': 4.0, 'train/new_samples': 260612, 'train/value_target_fraction': 1.0, 'train/pending_steps': 119900, 'selfplay/num_simulations': 64, 'selfplay/games_finished': 1208, 'selfplay/full_search_fraction': 0.23046875, 'selfplay/draw_rate': 0.052980132450331126, 'selfplay/clock_end_rate': 0.15811258278145696, 'selfplay/steps_per_game': 217.0066225165563, 'hours': 38.640902898775195, 'frames': 90963968}
Creating AZ model with num_heads=-1
Saving checkpoint: checkpoints/gess_20260930055738/000348.ckpt
Saving data state: checkpoints/gess_20260930055738/data_state.pkl
{'iteration': 348, 'train/policy_loss': 1.003175589023158, 'train/value_loss': 0.271826570504345, 'train/terminate_rate': 0.9560546875, 'train/replay_buffer_samples': 1048576, 'train/num_updates': 256, 'train/sample_reuse': 4.0, 'train/new_samples': 259668, 'train/value_target_fraction': 1.0, 'train/pending_steps': 122376, 'selfplay/num_simulations': 64, 'selfplay/games_finished': 1237, 'selfplay/full_search_fraction': 0.23046875, 'selfplay/draw_rate': 0.07518189167340339, 'selfplay/clock_end_rate': 0.1608730800323363, 'selfplay/steps_per_game': 211.91915925626515, 'hours': 38.78284731931156, 'frames': 91226112, 'eval/vs_baseline/avg_R': 0.033203125, 'eval/vs_baseline/win_rate': 0.5166015625, 'eval/vs_baseline/draw_rate': 0.0, 'eval/vs_baseline/lose_rate': 0.4833984375, 'eval/vs_baseline/value_mse': 0.5764830112457275}
{'iteration': 349, 'train/policy_loss': 0.9985538709443063, 'train/value_loss': 0.2771936903009191, 'train/terminate_rate': 0.9677734375, 'train/replay_buffer_samples': 1048576, 'train/num_updates': 256, 'train/sample_reuse': 4.0, 'train/new_samples': 267786, 'train/value_target_fraction': 1.0, 'train/pending_steps': 116734, 'selfplay/num_simulations': 64, 'selfplay/games_finished': 1231, 'selfplay/full_search_fraction': 0.2734375, 'selfplay/draw_rate': 0.043866774979691305, 'selfplay/clock_end_rate': 0.13160032493907392, 'selfplay/steps_per_game': 212.95207148659625, 'hours': 38.92692631959914, 'frames': 91488256}
{'iteration': 350, 'train/policy_loss': 0.991876620799303, 'train/value_loss': 0.2853123741224408, 'train/terminate_rate': 0.962890625, 'train/replay_buffer_samples': 1048576, 'train/num_updates': 256, 'train/sample_reuse': 4.0, 'train/new_samples': 261102, 'train/value_target_fraction': 1.0, 'train/pending_steps': 117776, 'selfplay/num_simulations': 64, 'selfplay/games_finished': 1260, 'selfplay/full_search_fraction': 0.2421875, 'selfplay/draw_rate': 0.05555555555555555, 'selfplay/clock_end_rate': 0.14603174603174604, 'selfplay/steps_per_game': 208.05079365079365, 'hours': 39.0710367317332, 'frames': 91750400}
{'iteration': 351, 'train/policy_loss': 0.9835389035288244, 'train/value_loss': 0.2905379526782781, 'train/terminate_rate': 0.9677734375, 'train/replay_buffer_samples': 1048576, 'train/num_updates': 256, 'train/sample_reuse': 4.0, 'train/new_samples': 261802, 'train/value_target_fraction': 1.0, 'train/pending_steps': 118118, 'selfplay/num_simulations': 64, 'selfplay/games_finished': 1232, 'selfplay/full_search_fraction': 0.23046875, 'selfplay/draw_rate': 0.06412337662337662, 'selfplay/clock_end_rate': 0.17045454545454544, 'selfplay/steps_per_game': 212.7792207792208, 'hours': 39.20895518375766, 'frames': 92012544}
Saving checkpoint: checkpoints/gess_20260930055738/000352.ckpt
Saving data state: checkpoints/gess_20260930055738/data_state.pkl
{'iteration': 352, 'train/policy_loss': 0.9675010843202472, 'train/value_loss': 0.2951932173455134, 'train/terminate_rate': 0.9638671875, 'train/replay_buffer_samples': 1048576, 'train/num_updates': 256, 'train/sample_reuse': 4.0, 'train/new_samples': 263728, 'train/value_target_fraction': 1.0, 'train/pending_steps': 116534, 'selfplay/num_simulations': 64, 'selfplay/games_finished': 1240, 'selfplay/full_search_fraction': 0.24609375, 'selfplay/draw_rate': 0.075, 'selfplay/clock_end_rate': 0.18306451612903227, 'selfplay/steps_per_game': 211.40645161290323, 'hours': 39.351224486364245, 'frames': 92274688, 'eval/vs_baseline/avg_R': 0.20703125, 'eval/vs_baseline/win_rate': 0.603515625, 'eval/vs_baseline/draw_rate': 0.0, 'eval/vs_baseline/lose_rate': 0.396484375, 'eval/vs_baseline/value_mse': 0.482144832611084}
{'iteration': 353, 'train/policy_loss': 0.9434684598818421, 'train/value_loss': 0.2983517241664231, 'train/terminate_rate': 0.9716796875, 'train/replay_buffer_samples': 1048576, 'train/num_updates': 256, 'train/sample_reuse': 4.0, 'train/new_samples': 264440, 'train/value_target_fraction': 1.0, 'train/pending_steps': 114238, 'selfplay/num_simulations': 64, 'selfplay/games_finished': 1262, 'selfplay/full_search_fraction': 0.2265625, 'selfplay/draw_rate': 0.061014263074484945, 'selfplay/clock_end_rate': 0.17115689381933438, 'selfplay/steps_per_game': 207.72107765451665, 'hours': 39.48716938979094, 'frames': 92536832, 'eval/mcts/score': 0.34765625, 'eval/mcts/elo': -109.3305858010682, 'eval/mcts/draw_rate': 0.1328125, 'eval/mcts/seconds': 139.98315334320068}
{'iteration': 354, 'train/policy_loss': 0.9341213225852698, 'train/value_loss': 0.2928792528109625, 'train/terminate_rate': 0.9697265625, 'train/replay_buffer_samples': 1048576, 'train/num_updates': 256, 'train/sample_reuse': 4.0, 'train/new_samples': 264368, 'train/value_target_fraction': 1.0, 'train/pending_steps': 112014, 'selfplay/num_simulations': 64, 'selfplay/games_finished': 1264, 'selfplay/full_search_fraction': 0.23046875, 'selfplay/draw_rate': 0.08069620253164557, 'selfplay/clock_end_rate': 0.17484177215189872, 'selfplay/steps_per_game': 207.39240506329114, 'hours': 39.62550964189899, 'frames': 92798976}
{'iteration': 355, 'train/policy_loss': 0.9312601103447378, 'train/value_loss': 0.2917498453753069, 'train/terminate_rate': 0.94921875, 'train/replay_buffer_samples': 1048576, 'train/num_updates': 256, 'train/sample_reuse': 4.0, 'train/new_samples': 252578, 'train/value_target_fraction': 1.0, 'train/pending_steps': 121580, 'selfplay/num_simulations': 64, 'selfplay/games_finished': 1179, 'selfplay/full_search_fraction': 0.25390625, 'selfplay/draw_rate': 0.07718405428329092, 'selfplay/clock_end_rate': 0.20865139949109415, 'selfplay/steps_per_game': 222.34435962680237, 'hours': 39.768086187773264, 'frames': 93061120}
Saving checkpoint: checkpoints/gess_20260930055738/000356.ckpt
Saving data state: checkpoints/gess_20260930055738/data_state.pkl
{'iteration': 356, 'train/policy_loss': 0.9087924894411117, 'train/value_loss': 0.2902457966702059, 'train/terminate_rate': 0.9375, 'train/replay_buffer_samples': 1048576, 'train/num_updates': 256, 'train/sample_reuse': 4.0, 'train/new_samples': 260076, 'train/value_target_fraction': 1.0, 'train/pending_steps': 123648, 'selfplay/num_simulations': 64, 'selfplay/games_finished': 1190, 'selfplay/full_search_fraction': 0.265625, 'selfplay/draw_rate': 0.07394957983193277, 'selfplay/clock_end_rate': 0.2008403361344538, 'selfplay/steps_per_game': 220.2890756302521, 'hours': 39.915273070269144, 'frames': 93323264, 'eval/vs_baseline/avg_R': 0.20703125, 'eval/vs_baseline/win_rate': 0.603515625, 'eval/vs_baseline/draw_rate': 0.0, 'eval/vs_baseline/lose_rate': 0.396484375, 'eval/vs_baseline/value_mse': 0.4523613154888153}
{'iteration': 357, 'train/policy_loss': 0.8905616006813943, 'train/value_loss': 0.28786652407143265, 'train/terminate_rate': 0.970703125, 'train/replay_buffer_samples': 1048576, 'train/num_updates': 256, 'train/sample_reuse': 4.0, 'train/new_samples': 270336, 'train/value_target_fraction': 1.0, 'train/pending_steps': 115456, 'selfplay/num_simulations': 64, 'selfplay/games_finished': 1231, 'selfplay/full_search_fraction': 0.25390625, 'selfplay/draw_rate': 0.07229894394800974, 'selfplay/clock_end_rate': 0.20633631194151097, 'selfplay/steps_per_game': 212.95207148659625, 'hours': 40.06020263022845, 'frames': 93585408}
{'iteration': 358, 'train/policy_loss': 0.8620732352137566, 'train/value_loss': 0.28574818128254265, 'train/terminate_rate': 0.9599609375, 'train/replay_buffer_samples': 1048576, 'train/num_updates': 256, 'train/sample_reuse': 4.0, 'train/new_samples': 257504, 'train/value_target_fraction': 1.0, 'train/pending_steps': 120096, 'selfplay/num_simulations': 64, 'selfplay/games_finished': 1200, 'selfplay/full_search_fraction': 0.21875, 'selfplay/draw_rate': 0.09, 'selfplay/clock_end_rate': 0.19166666666666668, 'selfplay/steps_per_game': 218.45333333333335, 'hours': 40.19532795515324, 'frames': 93847552}
{'iteration': 359, 'train/policy_loss': 0.8500001267530024, 'train/value_loss': 0.2876602105097845, 'train/terminate_rate': 0.9619140625, 'train/replay_buffer_samples': 1048576, 'train/num_updates': 256, 'train/sample_reuse': 4.0, 'train/new_samples': 263292, 'train/value_target_fraction': 1.0, 'train/pending_steps': 118948, 'selfplay/num_simulations': 64, 'selfplay/games_finished': 1219, 'selfplay/full_search_fraction': 0.25390625, 'selfplay/draw_rate': 0.07136997538966366, 'selfplay/clock_end_rate': 0.1903199343724364, 'selfplay/steps_per_game': 215.04840032813783, 'hours': 40.34140512499543, 'frames': 94109696}
Saving checkpoint: checkpoints/gess_20260930055738/000360.ckpt
Saving data state: checkpoints/gess_20260930055738/data_state.pkl
{'iteration': 360, 'train/policy_loss': 0.8302577375434339, 'train/value_loss': 0.2864058364648372, 'train/terminate_rate': 0.9619140625, 'train/replay_buffer_samples': 1048576, 'train/num_updates': 256, 'train/sample_reuse': 4.0, 'train/new_samples': 262298, 'train/value_target_fraction': 1.0, 'train/pending_steps': 118794, 'selfplay/num_simulations': 64, 'selfplay/games_finished': 1235, 'selfplay/full_search_fraction': 0.21875, 'selfplay/draw_rate': 0.07773279352226721, 'selfplay/clock_end_rate': 0.1797570850202429, 'selfplay/steps_per_game': 212.26234817813764, 'hours': 40.47785327454407, 'frames': 94371840, 'eval/vs_baseline/avg_R': 0.220703125, 'eval/vs_baseline/win_rate': 0.6103515625, 'eval/vs_baseline/draw_rate': 0.0, 'eval/vs_baseline/lose_rate': 0.3896484375, 'eval/vs_baseline/value_mse': 0.42039361596107483, 'eval/mcts/score': 0.57421875, 'eval/mcts/elo': 51.95633472302097, 'eval/mcts/draw_rate': 0.2578125, 'eval/mcts/seconds': 117.29781007766724}
{'iteration': 361, 'train/policy_loss': 0.8233350387308747, 'train/value_loss': 0.28097577253356576, 'train/terminate_rate': 0.947265625, 'train/replay_buffer_samples': 1048576, 'train/num_updates': 256, 'train/sample_reuse': 4.0, 'train/new_samples': 258536, 'train/value_target_fraction': 1.0, 'train/pending_steps': 122402, 'selfplay/num_simulations': 64, 'selfplay/games_finished': 1186, 'selfplay/full_search_fraction': 0.23828125, 'selfplay/draw_rate': 0.09274873524451939, 'selfplay/clock_end_rate': 0.2175379426644182, 'selfplay/steps_per_game': 221.03204047217537, 'hours': 40.6141813379526, 'frames': 94633984}
{'iteration': 362, 'train/policy_loss': 0.8415514505468309, 'train/value_loss': 0.281140074133873, 'train/terminate_rate': 0.96484375, 'train/replay_buffer_samples': 1048576, 'train/num_updates': 256, 'train/sample_reuse': 4.0, 'train/new_samples': 265610, 'train/value_target_fraction': 1.0, 'train/pending_steps': 118936, 'selfplay/num_simulations': 64, 'selfplay/games_finished': 1220, 'selfplay/full_search_fraction': 0.28125, 'selfplay/draw_rate': 0.10327868852459017, 'selfplay/clock_end_rate': 0.2081967213114754, 'selfplay/steps_per_game': 214.87213114754098, 'hours': 40.76055113746059, 'frames': 94896128}
{'iteration': 363, 'train/policy_loss': 0.8295574716757983, 'train/value_loss': 0.2822889662347734, 'train/terminate_rate': 0.96484375, 'train/replay_buffer_samples': 1048576, 'train/num_updates': 256, 'train/sample_reuse': 4.0, 'train/new_samples': 260356, 'train/value_target_fraction': 1.0, 'train/pending_steps': 120724, 'selfplay/num_simulations': 64, 'selfplay/games_finished': 1240, 'selfplay/full_search_fraction': 0.2421875, 'selfplay/draw_rate': 0.08709677419354839, 'selfplay/clock_end_rate': 0.18467741935483872, 'selfplay/steps_per_game': 211.40645161290323, 'hours': 40.899472312331184, 'frames': 95158272}
Saving checkpoint: checkpoints/gess_20260930055738/000364.ckpt
Saving data state: checkpoints/gess_20260930055738/data_state.pkl
{'iteration': 364, 'train/policy_loss': 0.8305798477958888, 'train/value_loss': 0.2837033410323784, 'train/terminate_rate': 0.96484375, 'train/replay_buffer_samples': 1048576, 'train/num_updates': 256, 'train/sample_reuse': 4.0, 'train/new_samples': 266416, 'train/value_target_fraction': 1.0, 'train/pending_steps': 116452, 'selfplay/num_simulations': 64, 'selfplay/games_finished': 1282, 'selfplay/full_search_fraction': 0.21875, 'selfplay/draw_rate': 0.09438377535101404, 'selfplay/clock_end_rate': 0.187207488299532, 'selfplay/steps_per_game': 204.4804992199688, 'hours': 41.03483697791893, 'frames': 95420416, 'eval/vs_baseline/avg_R': 0.2177734375, 'eval/vs_baseline/win_rate': 0.6083984375, 'eval/vs_baseline/draw_rate': 0.0009765625, 'eval/vs_baseline/lose_rate': 0.390625, 'eval/vs_baseline/value_mse': 0.4437556266784668}
{'iteration': 365, 'train/policy_loss': 0.8219956413377076, 'train/value_loss': 0.2900237054564059, 'train/terminate_rate': 0.9609375, 'train/replay_buffer_samples': 1048576, 'train/num_updates': 256, 'train/sample_reuse': 4.0, 'train/new_samples': 263150, 'train/value_target_fraction': 1.0, 'train/pending_steps': 115446, 'selfplay/num_simulations': 64, 'selfplay/games_finished': 1269, 'selfplay/full_search_fraction': 0.2109375, 'selfplay/draw_rate': 0.07801418439716312, 'selfplay/clock_end_rate': 0.1773049645390071, 'selfplay/steps_per_game': 206.57525610717101, 'hours': 41.167797195646486, 'frames': 95682560}
{'iteration': 366, 'train/policy_loss': 0.7914491302799433, 'train/value_loss': 0.2940954091027379, 'train/terminate_rate': 0.9697265625, 'train/replay_buffer_samples': 1048576, 'train/num_updates': 256, 'train/sample_reuse': 4.0, 'train/new_samples': 262596, 'train/value_target_fraction': 1.0, 'train/pending_steps': 114994, 'selfplay/num_simulations': 64, 'selfplay/games_finished': 1287, 'selfplay/full_search_fraction': 0.203125, 'selfplay/draw_rate': 0.08624708624708624, 'selfplay/clock_end_rate': 0.19036519036519037, 'selfplay/steps_per_game': 203.6860916860917, 'hours': 41.30119417826334, 'frames': 95944704, 'eval/mcts/score': 0.59765625, 'eval/mcts/elo': 68.74168244497064, 'eval/mcts/draw_rate': 0.2890625, 'eval/mcts/seconds': 117.90229320526123}
Saving checkpoint: checkpoints/gess_20260930055738/000366.ckpt
Saving data state: checkpoints/gess_20260930055738/data_state.pkl
[1;34mwandb[0m: 
[1;34mwandb[0m: 🚀 View run [33mfallen-butterfly-51[0m at: [34m[0m
[1;34mwandb[0m: Find logs at: [1;35mwandb/run-20260930_083126-wg0172pa/logs[0m
