env_id='gess_joint' seed=1 max_num_iters=279 resume_from='checkpoints/gess_joint_20261002213102/000183.ckpt' reseed_on_resume=False resume_as_new_run=True init_from='' obs_planes=0 wandb_run_id='' num_channels=128 num_layers=6 resnet_v2=True num_heads=-1 num_attention_layers=1 cell_policy_head=False architecture='gessformer' mlp_width=256 mlp_layers=3 mlp_onehot_bins=0 gf_stem_channels=64 gf_stem_blocks=2 gf_embed_dim=192 gf_num_layers=8 gf_num_heads=8 gf_ffn_mult=2.0 gf_gab=True gf_remat=True gf_joint_head=0 rf_embed_dim=96 rf_num_layers=4 rf_num_heads=4 rf_ffn_mult=2.0 rf_stem_blocks=1 rf_remat=True rf_attn_bf16=True rf_symmetric=False bf_stem_channels=64 bf_stem_blocks=2 bf_embed_dim=192 bf_num_layers=6 bf_num_heads=8 bf_ffn_mult=2.0 bf_gab=True bf_remat=True selfplay_batch_size=1024 num_simulations=64 chance_samples=1 chance_exact=False qtransform='completed_by_mix_value' value_scale_by_stage='' aux_win_weight=0.0 selfplay_bf16=True playout_cap_prob=0.25 fast_num_simulations=8 sim_schedule='' max_num_steps=256 continue_games=True selfplay_sample_plies=0 max_pending_steps=1024 save_data_state=True training_batch_size=4096 train_micro_batches=2 symmetry_augmentation=True replay_buffer_iters=4 num_updates_per_iter=256 learning_rate=0.00070254 weight_decay=0.0001 warmup_steps=200 grad_clip_norm=1.0 lr_schedule='cosine' lr_final_ratio=0.014234 eval_interval=4 mcts_eval_opponent='checkpoints/gess_joint_20261002213102/000183.ckpt' mcts_eval_interval_hours=1.0 mcts_eval_games=128 mcts_eval_batch_size=128 mcts_eval_simulations=32
Creating AZ model with num_heads=-1
Resuming from checkpoint: checkpoints/gess_joint_20261002213102/000183.ckpt
wandb: Currently logged in as: calr (aptometry) to https://api.wandb.ai. Use `wandb login --relogin` to force relogin
wandb: setting up run xa7a789t
wandb: Tracking run with wandb version 0.23.1
wandb: Run data is saved locally in /home/charlie/calr3gh/pgx/wandb/run-20261004_161741-xa7a789t
wandb: Run `wandb offline` to turn off syncing.
wandb: Syncing run earthy-sea-3
wandb: ⭐️ View project at https://wandb.ai/aptometry/pgx-az-gess_joint
wandb: 🚀 View run at https://wandb.ai/aptometry/pgx-az-gess_joint/runs/xa7a789t
resume_from: new parameter gess_former/block_6/static_bias (8, 100, 100) (fresh init)
resume_from: new parameter gess_former/block_6/attn_ln/offset (192,) (fresh init)
resume_from: new parameter gess_former/block_6/attn_ln/scale (192,) (fresh init)
resume_from: new parameter gess_former/block_6/attn_out/b (192,) (zeros: a new block starts as the identity)
resume_from: new parameter gess_former/block_6/attn_out/w (192, 192) (zeros: a new block starts as the identity)
resume_from: new parameter gess_former/block_6/ffn_in/b (384,) (fresh init)
resume_from: new parameter gess_former/block_6/ffn_in/w (192, 384) (fresh init)
resume_from: new parameter gess_former/block_6/ffn_ln/offset (192,) (fresh init)
resume_from: new parameter gess_former/block_6/ffn_ln/scale (192,) (fresh init)
resume_from: new parameter gess_former/block_6/ffn_out/b (192,) (zeros: a new block starts as the identity)
resume_from: new parameter gess_former/block_6/ffn_out/w (384, 192) (zeros: a new block starts as the identity)
resume_from: new parameter gess_former/block_6/qkv/b (576,) (fresh init)
resume_from: new parameter gess_former/block_6/qkv/w (192, 576) (fresh init)
resume_from: new parameter gess_former/block_6/~_attention_bias/gab_compress/b (32,) (fresh init)
resume_from: new parameter gess_former/block_6/~_attention_bias/gab_compress/w (192, 32) (fresh init)
resume_from: new parameter gess_former/block_6/~_attention_bias/gab_heads/b (1024,) (fresh init)
resume_from: new parameter gess_former/block_6/~_attention_bias/gab_heads/w (128, 1024) (fresh init)
resume_from: new parameter gess_former/block_6/~_attention_bias/gab_heads_ln/offset (128,) (fresh init)
resume_from: new parameter gess_former/block_6/~_attention_bias/gab_heads_ln/scale (128,) (fresh init)
resume_from: new parameter gess_former/block_6/~_attention_bias/gab_summary/b (128,) (fresh init)
resume_from: new parameter gess_former/block_6/~_attention_bias/gab_summary/w (3200, 128) (fresh init)
resume_from: new parameter gess_former/block_6/~_attention_bias/gab_summary_ln/offset (128,) (fresh init)
resume_from: new parameter gess_former/block_6/~_attention_bias/gab_summary_ln/scale (128,) (fresh init)
resume_from: new parameter gess_former/block_7/static_bias (8, 100, 100) (fresh init)
resume_from: new parameter gess_former/block_7/attn_ln/offset (192,) (fresh init)
resume_from: new parameter gess_former/block_7/attn_ln/scale (192,) (fresh init)
resume_from: new parameter gess_former/block_7/attn_out/b (192,) (zeros: a new block starts as the identity)
resume_from: new parameter gess_former/block_7/attn_out/w (192, 192) (zeros: a new block starts as the identity)
resume_from: new parameter gess_former/block_7/ffn_in/b (384,) (fresh init)
resume_from: new parameter gess_former/block_7/ffn_in/w (192, 384) (fresh init)
resume_from: new parameter gess_former/block_7/ffn_ln/offset (192,) (fresh init)
resume_from: new parameter gess_former/block_7/ffn_ln/scale (192,) (fresh init)
resume_from: new parameter gess_former/block_7/ffn_out/b (192,) (zeros: a new block starts as the identity)
resume_from: new parameter gess_former/block_7/ffn_out/w (384, 192) (zeros: a new block starts as the identity)
resume_from: new parameter gess_former/block_7/qkv/b (576,) (fresh init)
resume_from: new parameter gess_former/block_7/qkv/w (192, 576) (fresh init)
resume_from: new parameter gess_former/block_7/~_attention_bias/gab_compress/b (32,) (fresh init)
resume_from: new parameter gess_former/block_7/~_attention_bias/gab_compress/w (192, 32) (fresh init)
resume_from: new parameter gess_former/block_7/~_attention_bias/gab_heads/b (1024,) (fresh init)
resume_from: new parameter gess_former/block_7/~_attention_bias/gab_heads/w (128, 1024) (fresh init)
resume_from: new parameter gess_former/block_7/~_attention_bias/gab_heads_ln/offset (128,) (fresh init)
resume_from: new parameter gess_former/block_7/~_attention_bias/gab_heads_ln/scale (128,) (fresh init)
resume_from: new parameter gess_former/block_7/~_attention_bias/gab_summary/b (128,) (fresh init)
resume_from: new parameter gess_former/block_7/~_attention_bias/gab_summary/w (3200, 128) (fresh init)
resume_from: new parameter gess_former/block_7/~_attention_bias/gab_summary_ln/offset (128,) (fresh init)
resume_from: new parameter gess_former/block_7/~_attention_bias/gab_summary_ln/scale (128,) (fresh init)
resume_from (optimizer): new parameter gess_former/block_6/static_bias (8, 100, 100) (zeros)
resume_from (optimizer): new parameter gess_former/block_6/attn_ln/offset (192,) (zeros)
resume_from (optimizer): new parameter gess_former/block_6/attn_ln/scale (192,) (zeros)
resume_from (optimizer): new parameter gess_former/block_6/attn_out/b (192,) (zeros)
resume_from (optimizer): new parameter gess_former/block_6/attn_out/w (192, 192) (zeros)
resume_from (optimizer): new parameter gess_former/block_6/ffn_in/b (384,) (zeros)
resume_from (optimizer): new parameter gess_former/block_6/ffn_in/w (192, 384) (zeros)
resume_from (optimizer): new parameter gess_former/block_6/ffn_ln/offset (192,) (zeros)
resume_from (optimizer): new parameter gess_former/block_6/ffn_ln/scale (192,) (zeros)
resume_from (optimizer): new parameter gess_former/block_6/ffn_out/b (192,) (zeros)
resume_from (optimizer): new parameter gess_former/block_6/ffn_out/w (384, 192) (zeros)
resume_from (optimizer): new parameter gess_former/block_6/qkv/b (576,) (zeros)
resume_from (optimizer): new parameter gess_former/block_6/qkv/w (192, 576) (zeros)
resume_from (optimizer): new parameter gess_former/block_6/~_attention_bias/gab_compress/b (32,) (zeros)
resume_from (optimizer): new parameter gess_former/block_6/~_attention_bias/gab_compress/w (192, 32) (zeros)
resume_from (optimizer): new parameter gess_former/block_6/~_attention_bias/gab_heads/b (1024,) (zeros)
resume_from (optimizer): new parameter gess_former/block_6/~_attention_bias/gab_heads/w (128, 1024) (zeros)
resume_from (optimizer): new parameter gess_former/block_6/~_attention_bias/gab_heads_ln/offset (128,) (zeros)
resume_from (optimizer): new parameter gess_former/block_6/~_attention_bias/gab_heads_ln/scale (128,) (zeros)
resume_from (optimizer): new parameter gess_former/block_6/~_attention_bias/gab_summary/b (128,) (zeros)
resume_from (optimizer): new parameter gess_former/block_6/~_attention_bias/gab_summary/w (3200, 128) (zeros)
resume_from (optimizer): new parameter gess_former/block_6/~_attention_bias/gab_summary_ln/offset (128,) (zeros)
resume_from (optimizer): new parameter gess_former/block_6/~_attention_bias/gab_summary_ln/scale (128,) (zeros)
resume_from (optimizer): new parameter gess_former/block_7/static_bias (8, 100, 100) (zeros)
resume_from (optimizer): new parameter gess_former/block_7/attn_ln/offset (192,) (zeros)
resume_from (optimizer): new parameter gess_former/block_7/attn_ln/scale (192,) (zeros)
resume_from (optimizer): new parameter gess_former/block_7/attn_out/b (192,) (zeros)
resume_from (optimizer): new parameter gess_former/block_7/attn_out/w (192, 192) (zeros)
resume_from (optimizer): new parameter gess_former/block_7/ffn_in/b (384,) (zeros)
resume_from (optimizer): new parameter gess_former/block_7/ffn_in/w (192, 384) (zeros)
resume_from (optimizer): new parameter gess_former/block_7/ffn_ln/offset (192,) (zeros)
resume_from (optimizer): new parameter gess_former/block_7/ffn_ln/scale (192,) (zeros)
resume_from (optimizer): new parameter gess_former/block_7/ffn_out/b (192,) (zeros)
resume_from (optimizer): new parameter gess_former/block_7/ffn_out/w (384, 192) (zeros)
resume_from (optimizer): new parameter gess_former/block_7/qkv/b (576,) (zeros)
resume_from (optimizer): new parameter gess_former/block_7/qkv/w (192, 576) (zeros)
resume_from (optimizer): new parameter gess_former/block_7/~_attention_bias/gab_compress/b (32,) (zeros)
resume_from (optimizer): new parameter gess_former/block_7/~_attention_bias/gab_compress/w (192, 32) (zeros)
resume_from (optimizer): new parameter gess_former/block_7/~_attention_bias/gab_heads/b (1024,) (zeros)
resume_from (optimizer): new parameter gess_former/block_7/~_attention_bias/gab_heads/w (128, 1024) (zeros)
resume_from (optimizer): new parameter gess_former/block_7/~_attention_bias/gab_heads_ln/offset (128,) (zeros)
resume_from (optimizer): new parameter gess_former/block_7/~_attention_bias/gab_heads_ln/scale (128,) (zeros)
resume_from (optimizer): new parameter gess_former/block_7/~_attention_bias/gab_summary/b (128,) (zeros)
resume_from (optimizer): new parameter gess_former/block_7/~_attention_bias/gab_summary/w (3200, 128) (zeros)
resume_from (optimizer): new parameter gess_former/block_7/~_attention_bias/gab_summary_ln/offset (128,) (zeros)
resume_from (optimizer): new parameter gess_former/block_7/~_attention_bias/gab_summary_ln/scale (128,) (zeros)
resume_from (optimizer): new parameter gess_former/block_6/static_bias (8, 100, 100) (zeros)
resume_from (optimizer): new parameter gess_former/block_6/attn_ln/offset (192,) (zeros)
resume_from (optimizer): new parameter gess_former/block_6/attn_ln/scale (192,) (zeros)
resume_from (optimizer): new parameter gess_former/block_6/attn_out/b (192,) (zeros)
resume_from (optimizer): new parameter gess_former/block_6/attn_out/w (192, 192) (zeros)
resume_from (optimizer): new parameter gess_former/block_6/ffn_in/b (384,) (zeros)
resume_from (optimizer): new parameter gess_former/block_6/ffn_in/w (192, 384) (zeros)
resume_from (optimizer): new parameter gess_former/block_6/ffn_ln/offset (192,) (zeros)
resume_from (optimizer): new parameter gess_former/block_6/ffn_ln/scale (192,) (zeros)
resume_from (optimizer): new parameter gess_former/block_6/ffn_out/b (192,) (zeros)
resume_from (optimizer): new parameter gess_former/block_6/ffn_out/w (384, 192) (zeros)
resume_from (optimizer): new parameter gess_former/block_6/qkv/b (576,) (zeros)
resume_from (optimizer): new parameter gess_former/block_6/qkv/w (192, 576) (zeros)
resume_from (optimizer): new parameter gess_former/block_6/~_attention_bias/gab_compress/b (32,) (zeros)
resume_from (optimizer): new parameter gess_former/block_6/~_attention_bias/gab_compress/w (192, 32) (zeros)
resume_from (optimizer): new parameter gess_former/block_6/~_attention_bias/gab_heads/b (1024,) (zeros)
resume_from (optimizer): new parameter gess_former/block_6/~_attention_bias/gab_heads/w (128, 1024) (zeros)
resume_from (optimizer): new parameter gess_former/block_6/~_attention_bias/gab_heads_ln/offset (128,) (zeros)
resume_from (optimizer): new parameter gess_former/block_6/~_attention_bias/gab_heads_ln/scale (128,) (zeros)
resume_from (optimizer): new parameter gess_former/block_6/~_attention_bias/gab_summary/b (128,) (zeros)
resume_from (optimizer): new parameter gess_former/block_6/~_attention_bias/gab_summary/w (3200, 128) (zeros)
resume_from (optimizer): new parameter gess_former/block_6/~_attention_bias/gab_summary_ln/offset (128,) (zeros)
resume_from (optimizer): new parameter gess_former/block_6/~_attention_bias/gab_summary_ln/scale (128,) (zeros)
resume_from (optimizer): new parameter gess_former/block_7/static_bias (8, 100, 100) (zeros)
resume_from (optimizer): new parameter gess_former/block_7/attn_ln/offset (192,) (zeros)
resume_from (optimizer): new parameter gess_former/block_7/attn_ln/scale (192,) (zeros)
resume_from (optimizer): new parameter gess_former/block_7/attn_out/b (192,) (zeros)
resume_from (optimizer): new parameter gess_former/block_7/attn_out/w (192, 192) (zeros)
resume_from (optimizer): new parameter gess_former/block_7/ffn_in/b (384,) (zeros)
resume_from (optimizer): new parameter gess_former/block_7/ffn_in/w (192, 384) (zeros)
resume_from (optimizer): new parameter gess_former/block_7/ffn_ln/offset (192,) (zeros)
resume_from (optimizer): new parameter gess_former/block_7/ffn_ln/scale (192,) (zeros)
resume_from (optimizer): new parameter gess_former/block_7/ffn_out/b (192,) (zeros)
resume_from (optimizer): new parameter gess_former/block_7/ffn_out/w (384, 192) (zeros)
resume_from (optimizer): new parameter gess_former/block_7/qkv/b (576,) (zeros)
resume_from (optimizer): new parameter gess_former/block_7/qkv/w (192, 576) (zeros)
resume_from (optimizer): new parameter gess_former/block_7/~_attention_bias/gab_compress/b (32,) (zeros)
resume_from (optimizer): new parameter gess_former/block_7/~_attention_bias/gab_compress/w (192, 32) (zeros)
resume_from (optimizer): new parameter gess_former/block_7/~_attention_bias/gab_heads/b (1024,) (zeros)
resume_from (optimizer): new parameter gess_former/block_7/~_attention_bias/gab_heads/w (128, 1024) (zeros)
resume_from (optimizer): new parameter gess_former/block_7/~_attention_bias/gab_heads_ln/offset (128,) (zeros)
resume_from (optimizer): new parameter gess_former/block_7/~_attention_bias/gab_heads_ln/scale (128,) (zeros)
resume_from (optimizer): new parameter gess_former/block_7/~_attention_bias/gab_summary/b (128,) (zeros)
resume_from (optimizer): new parameter gess_former/block_7/~_attention_bias/gab_summary/w (3200, 128) (zeros)
resume_from (optimizer): new parameter gess_former/block_7/~_attention_bias/gab_summary_ln/offset (128,) (zeros)
resume_from (optimizer): new parameter gess_former/block_7/~_attention_bias/gab_summary_ln/scale (128,) (zeros)
Resumed at iteration 183 (47972352 frames, 39.27 hours)
Restored replay buffer (1048576 samples), 32739 held-back steps and in-progress games from checkpoints/gess_joint_20261002213102/data_state.pkl
{'iteration': 183, 'hours': 39.27134919140076, 'frames': 47972352, 'eval/mcts/score': 0.5, 'eval/mcts/elo': 0.0, 'eval/mcts/draw_rate': 0.015625, 'eval/mcts/seconds': 127.57392597198486}
Replay buffer: 13.60 GiB allocated for 4 iterations
Creating AZ model with num_heads=-1
Saving checkpoint: checkpoints/gess_joint_20261005001759/000184.ckpt
Saving data state: checkpoints/gess_joint_20261005001759/data_state.pkl
{'iteration': 184, 'train/policy_loss': 1.002733221044764, 'train/value_loss': 0.3737290441058576, 'train/terminate_rate': 1.0, 'train/replay_buffer_samples': 1048576, 'train/num_updates': 256, 'train/sample_reuse': 4.0, 'train/new_samples': 263248, 'train/value_target_fraction': 1.0, 'train/pending_steps': 31635, 'selfplay/num_simulations': 64, 'selfplay/games_finished': 4773, 'selfplay/full_search_fraction': 0.21484375, 'selfplay/draw_rate': 0.011104127383197151, 'selfplay/clock_end_rate': 0.06411062225015714, 'selfplay/move_list_overflow': 0.0, 'selfplay/steps_per_game': 54.92227110831762, 'hours': 39.5273506442706, 'frames': 48234496, 'eval/vs_baseline/avg_R': 1.0, 'eval/vs_baseline/win_rate': 1.0, 'eval/vs_baseline/draw_rate': 0.0, 'eval/vs_baseline/lose_rate': 0.0, 'eval/vs_baseline/value_mse': 0.736720860004425}
{'iteration': 185, 'train/policy_loss': 0.9929288730490953, 'train/value_loss': 0.37366537644993514, 'train/terminate_rate': 1.0, 'train/replay_buffer_samples': 1048576, 'train/num_updates': 256, 'train/sample_reuse': 4.0, 'train/new_samples': 263199, 'train/value_target_fraction': 1.0, 'train/pending_steps': 30580, 'selfplay/num_simulations': 64, 'selfplay/games_finished': 4778, 'selfplay/full_search_fraction': 0.20703125, 'selfplay/draw_rate': 0.009836751778987024, 'selfplay/clock_end_rate': 0.0648807032231059, 'selfplay/move_list_overflow': 0.0, 'selfplay/steps_per_game': 54.86479698618669, 'hours': 39.75441982626917, 'frames': 48496640}
{'iteration': 186, 'train/policy_loss': 1.019867502618581, 'train/value_loss': 0.37327686743810773, 'train/terminate_rate': 1.0, 'train/replay_buffer_samples': 1048576, 'train/num_updates': 256, 'train/sample_reuse': 4.0, 'train/new_samples': 262331, 'train/value_target_fraction': 1.0, 'train/pending_steps': 30393, 'selfplay/num_simulations': 64, 'selfplay/games_finished': 4708, 'selfplay/full_search_fraction': 0.2421875, 'selfplay/draw_rate': 0.010195412064570943, 'selfplay/clock_end_rate': 0.0796516567544605, 'selfplay/move_list_overflow': 0.0, 'selfplay/steps_per_game': 55.68054375531011, 'hours': 39.991834351950246, 'frames': 48758784}
{'iteration': 187, 'train/policy_loss': 1.0397531990893185, 'train/value_loss': 0.3745962667744607, 'train/terminate_rate': 1.0, 'train/replay_buffer_samples': 1048576, 'train/num_updates': 256, 'train/sample_reuse': 4.0, 'train/new_samples': 259852, 'train/value_target_fraction': 1.0, 'train/pending_steps': 32685, 'selfplay/num_simulations': 64, 'selfplay/games_finished': 4715, 'selfplay/full_search_fraction': 0.234375, 'selfplay/draw_rate': 0.011452810180275715, 'selfplay/clock_end_rate': 0.07507953340402969, 'selfplay/move_list_overflow': 0.0, 'selfplay/steps_per_game': 55.59787910922587, 'hours': 40.23282364832033, 'frames': 49020928, 'eval/mcts/score': 0.57421875, 'eval/mcts/elo': 51.95633472302097, 'eval/mcts/draw_rate': 0.0234375, 'eval/mcts/seconds': 124.73547291755676}
Saving checkpoint: checkpoints/gess_joint_20261005001759/000188.ckpt
Saving data state: checkpoints/gess_joint_20261005001759/data_state.pkl
{'iteration': 188, 'train/policy_loss': 1.0773234262596816, 'train/value_loss': 0.3769786594202742, 'train/terminate_rate': 1.0, 'train/replay_buffer_samples': 1048576, 'train/num_updates': 256, 'train/sample_reuse': 4.0, 'train/new_samples': 264170, 'train/value_target_fraction': 1.0, 'train/pending_steps': 30659, 'selfplay/num_simulations': 64, 'selfplay/games_finished': 4963, 'selfplay/full_search_fraction': 0.26171875, 'selfplay/draw_rate': 0.01309691718718517, 'selfplay/clock_end_rate': 0.08301430586338908, 'selfplay/move_list_overflow': 0.0, 'selfplay/steps_per_game': 52.819665524884144, 'hours': 40.477900060415294, 'frames': 49283072, 'eval/vs_baseline/avg_R': 1.0, 'eval/vs_baseline/win_rate': 1.0, 'eval/vs_baseline/draw_rate': 0.0, 'eval/vs_baseline/lose_rate': 0.0, 'eval/vs_baseline/value_mse': 0.7438552379608154}
{'iteration': 189, 'train/policy_loss': 1.10717962263152, 'train/value_loss': 0.37798292550724, 'train/terminate_rate': 1.0, 'train/replay_buffer_samples': 1048576, 'train/num_updates': 256, 'train/sample_reuse': 4.0, 'train/new_samples': 261332, 'train/value_target_fraction': 1.0, 'train/pending_steps': 31471, 'selfplay/num_simulations': 64, 'selfplay/games_finished': 4845, 'selfplay/full_search_fraction': 0.26953125, 'selfplay/draw_rate': 0.010113519091847266, 'selfplay/clock_end_rate': 0.0693498452012384, 'selfplay/move_list_overflow': 0.0, 'selfplay/steps_per_game': 54.10608875128999, 'hours': 40.7260758458906, 'frames': 49545216}
{'iteration': 190, 'train/policy_loss': 1.1071137427352369, 'train/value_loss': 0.37852423964068294, 'train/terminate_rate': 1.0, 'train/replay_buffer_samples': 1048576, 'train/num_updates': 256, 'train/sample_reuse': 4.0, 'train/new_samples': 262683, 'train/value_target_fraction': 1.0, 'train/pending_steps': 30932, 'selfplay/num_simulations': 64, 'selfplay/games_finished': 4743, 'selfplay/full_search_fraction': 0.2890625, 'selfplay/draw_rate': 0.013071895424836602, 'selfplay/clock_end_rate': 0.09825005270925574, 'selfplay/move_list_overflow': 0.0, 'selfplay/steps_per_game': 55.269660552393, 'hours': 40.98935159299111, 'frames': 49807360}
{'iteration': 191, 'train/policy_loss': 1.1106577329337597, 'train/value_loss': 0.379635812016204, 'train/terminate_rate': 1.0, 'train/replay_buffer_samples': 1048576, 'train/num_updates': 256, 'train/sample_reuse': 4.0, 'train/new_samples': 261305, 'train/value_target_fraction': 1.0, 'train/pending_steps': 31771, 'selfplay/num_simulations': 64, 'selfplay/games_finished': 4884, 'selfplay/full_search_fraction': 0.27734375, 'selfplay/draw_rate': 0.009418509418509418, 'selfplay/clock_end_rate': 0.07391482391482392, 'selfplay/move_list_overflow': 0.0, 'selfplay/steps_per_game': 53.67403767403768, 'hours': 41.24080175644824, 'frames': 50069504, 'eval/mcts/score': 0.5625, 'eval/mcts/elo': 43.657787770027234, 'eval/mcts/draw_rate': 0.015625, 'eval/mcts/seconds': 93.34971594810486}
Saving checkpoint: checkpoints/gess_joint_20261005001759/000192.ckpt
Saving data state: checkpoints/gess_joint_20261005001759/data_state.pkl
{'iteration': 192, 'train/policy_loss': 1.0941531099379063, 'train/value_loss': 0.3792217739392072, 'train/terminate_rate': 1.0, 'train/replay_buffer_samples': 1048576, 'train/num_updates': 256, 'train/sample_reuse': 4.0, 'train/new_samples': 263172, 'train/value_target_fraction': 1.0, 'train/pending_steps': 30743, 'selfplay/num_simulations': 64, 'selfplay/games_finished': 5035, 'selfplay/full_search_fraction': 0.203125, 'selfplay/draw_rate': 0.008540218470705064, 'selfplay/clock_end_rate': 0.07765640516385303, 'selfplay/move_list_overflow': 0.0, 'selfplay/steps_per_game': 52.0643495531281, 'hours': 41.4614149818818, 'frames': 50331648, 'eval/vs_baseline/avg_R': 1.0, 'eval/vs_baseline/win_rate': 1.0, 'eval/vs_baseline/draw_rate': 0.0, 'eval/vs_baseline/lose_rate': 0.0, 'eval/vs_baseline/value_mse': 0.7645100951194763}
{'iteration': 193, 'train/policy_loss': 1.0915981226135045, 'train/value_loss': 0.38034880720078945, 'train/terminate_rate': 1.0, 'train/replay_buffer_samples': 1048576, 'train/num_updates': 256, 'train/sample_reuse': 4.0, 'train/new_samples': 262197, 'train/value_target_fraction': 1.0, 'train/pending_steps': 30690, 'selfplay/num_simulations': 64, 'selfplay/games_finished': 4868, 'selfplay/full_search_fraction': 0.2265625, 'selfplay/draw_rate': 0.0078060805258833195, 'selfplay/clock_end_rate': 0.07004930156121611, 'selfplay/move_list_overflow': 0.0, 'selfplay/steps_per_game': 53.85045193097781, 'hours': 41.693126423094036, 'frames': 50593792}
{'iteration': 194, 'train/policy_loss': 1.0909710470587015, 'train/value_loss': 0.37927411880809814, 'train/terminate_rate': 1.0, 'train/replay_buffer_samples': 1048576, 'train/num_updates': 256, 'train/sample_reuse': 4.0, 'train/new_samples': 259784, 'train/value_target_fraction': 1.0, 'train/pending_steps': 33050, 'selfplay/num_simulations': 64, 'selfplay/games_finished': 4647, 'selfplay/full_search_fraction': 0.26171875, 'selfplay/draw_rate': 0.018076178179470628, 'selfplay/clock_end_rate': 0.09984936518183775, 'selfplay/move_list_overflow': 0.0, 'selfplay/steps_per_game': 56.411448246180335, 'hours': 41.938561322887765, 'frames': 50855936}
{'iteration': 195, 'train/policy_loss': 1.090571510605514, 'train/value_loss': 0.37895263300742954, 'train/terminate_rate': 1.0, 'train/replay_buffer_samples': 1048576, 'train/num_updates': 256, 'train/sample_reuse': 4.0, 'train/new_samples': 262970, 'train/value_target_fraction': 1.0, 'train/pending_steps': 32224, 'selfplay/num_simulations': 64, 'selfplay/games_finished': 4503, 'selfplay/full_search_fraction': 0.24609375, 'selfplay/draw_rate': 0.01310237619364868, 'selfplay/clock_end_rate': 0.09904508105707306, 'selfplay/move_list_overflow': 0.0, 'selfplay/steps_per_game': 58.215411947590496, 'hours': 42.18508429202771, 'frames': 51118080}
Saving checkpoint: checkpoints/gess_joint_20261005001759/000196.ckpt
Saving data state: checkpoints/gess_joint_20261005001759/data_state.pkl
{'iteration': 196, 'train/policy_loss': 1.0935026900842786, 'train/value_loss': 0.3784714030334726, 'train/terminate_rate': 1.0, 'train/replay_buffer_samples': 1048576, 'train/num_updates': 256, 'train/sample_reuse': 4.0, 'train/new_samples': 262196, 'train/value_target_fraction': 1.0, 'train/pending_steps': 32172, 'selfplay/num_simulations': 64, 'selfplay/games_finished': 4603, 'selfplay/full_search_fraction': 0.2890625, 'selfplay/draw_rate': 0.016945470345426896, 'selfplay/clock_end_rate': 0.08733434716489247, 'selfplay/move_list_overflow': 0.0, 'selfplay/steps_per_game': 56.95068433630241, 'hours': 42.44001045491963, 'frames': 51380224, 'eval/vs_baseline/avg_R': 1.0, 'eval/vs_baseline/win_rate': 1.0, 'eval/vs_baseline/draw_rate': 0.0, 'eval/vs_baseline/lose_rate': 0.0, 'eval/vs_baseline/value_mse': 0.734388530254364, 'eval/mcts/score': 0.54296875, 'eval/mcts/elo': 29.931575403173373, 'eval/mcts/draw_rate': 0.0078125, 'eval/mcts/seconds': 88.72306489944458}
{'iteration': 197, 'train/policy_loss': 1.099402267485857, 'train/value_loss': 0.37648005480878055, 'train/terminate_rate': 1.0, 'train/replay_buffer_samples': 1048576, 'train/num_updates': 256, 'train/sample_reuse': 4.0, 'train/new_samples': 261774, 'train/value_target_fraction': 1.0, 'train/pending_steps': 32542, 'selfplay/num_simulations': 64, 'selfplay/games_finished': 4722, 'selfplay/full_search_fraction': 0.2109375, 'selfplay/draw_rate': 0.01228293096145701, 'selfplay/clock_end_rate': 0.07941550190597205, 'selfplay/move_list_overflow': 0.0, 'selfplay/steps_per_game': 55.515459551037694, 'hours': 42.66457314034306, 'frames': 51642368}
{'iteration': 198, 'train/policy_loss': 1.1110793850384653, 'train/value_loss': 0.3770171373616904, 'train/terminate_rate': 1.0, 'train/replay_buffer_samples': 1048576, 'train/num_updates': 256, 'train/sample_reuse': 4.0, 'train/new_samples': 262654, 'train/value_target_fraction': 1.0, 'train/pending_steps': 32032, 'selfplay/num_simulations': 64, 'selfplay/games_finished': 4668, 'selfplay/full_search_fraction': 0.203125, 'selfplay/draw_rate': 0.011996572407883462, 'selfplay/clock_end_rate': 0.0908311910882605, 'selfplay/move_list_overflow': 0.0, 'selfplay/steps_per_game': 56.15766923736076, 'hours': 42.891314054330216, 'frames': 51904512}
{'iteration': 199, 'train/policy_loss': 1.1221422995440662, 'train/value_loss': 0.3740629148669541, 'train/terminate_rate': 1.0, 'train/replay_buffer_samples': 1048576, 'train/num_updates': 256, 'train/sample_reuse': 4.0, 'train/new_samples': 263473, 'train/value_target_fraction': 1.0, 'train/pending_steps': 30703, 'selfplay/num_simulations': 64, 'selfplay/games_finished': 4695, 'selfplay/full_search_fraction': 0.2578125, 'selfplay/draw_rate': 0.010649627263045794, 'selfplay/clock_end_rate': 0.08498402555910543, 'selfplay/move_list_overflow': 0.0, 'selfplay/steps_per_game': 55.834717784877526, 'hours': 43.13638609535167, 'frames': 52166656}
Saving checkpoint: checkpoints/gess_joint_20261005001759/000200.ckpt
Saving data state: checkpoints/gess_joint_20261005001759/data_state.pkl
{'iteration': 200, 'train/policy_loss': 1.1348865195177495, 'train/value_loss': 0.3734230917179957, 'train/terminate_rate': 1.0, 'train/replay_buffer_samples': 1048576, 'train/num_updates': 256, 'train/sample_reuse': 4.0, 'train/new_samples': 260907, 'train/value_target_fraction': 1.0, 'train/pending_steps': 31940, 'selfplay/num_simulations': 64, 'selfplay/games_finished': 4827, 'selfplay/full_search_fraction': 0.28125, 'selfplay/draw_rate': 0.009529728609902631, 'selfplay/clock_end_rate': 0.07354464470685726, 'selfplay/move_list_overflow': 0.0, 'selfplay/steps_per_game': 54.30785166770251, 'hours': 43.39541535033123, 'frames': 52428800, 'eval/vs_baseline/avg_R': 1.0, 'eval/vs_baseline/win_rate': 1.0, 'eval/vs_baseline/draw_rate': 0.0, 'eval/vs_baseline/lose_rate': 0.0, 'eval/vs_baseline/value_mse': 0.7072761058807373}
{'iteration': 201, 'train/policy_loss': 1.1267800624482334, 'train/value_loss': 0.37258838035631925, 'train/terminate_rate': 1.0, 'train/replay_buffer_samples': 1048576, 'train/num_updates': 256, 'train/sample_reuse': 4.0, 'train/new_samples': 262478, 'train/value_target_fraction': 1.0, 'train/pending_steps': 31606, 'selfplay/num_simulations': 64, 'selfplay/games_finished': 4676, 'selfplay/full_search_fraction': 0.25, 'selfplay/draw_rate': 0.015397775876817793, 'selfplay/clock_end_rate': 0.09131736526946108, 'selfplay/move_list_overflow': 0.0, 'selfplay/steps_per_game': 56.06159110350727, 'hours': 43.64346109853853, 'frames': 52690944, 'eval/mcts/score': 0.55859375, 'eval/mcts/elo': 40.90303759265683, 'eval/mcts/draw_rate': 0.0078125, 'eval/mcts/seconds': 101.90510773658752}
{'iteration': 202, 'train/policy_loss': 1.1180185312405229, 'train/value_loss': 0.3719697395572439, 'train/terminate_rate': 1.0, 'train/replay_buffer_samples': 1048576, 'train/num_updates': 256, 'train/sample_reuse': 4.0, 'train/new_samples': 262223, 'train/value_target_fraction': 1.0, 'train/pending_steps': 31527, 'selfplay/num_simulations': 64, 'selfplay/games_finished': 4889, 'selfplay/full_search_fraction': 0.25390625, 'selfplay/draw_rate': 0.011045203518101862, 'selfplay/clock_end_rate': 0.07690734301493148, 'selfplay/move_list_overflow': 0.0, 'selfplay/steps_per_game': 53.61914501943138, 'hours': 43.8920380482409, 'frames': 52953088}
{'iteration': 203, 'train/policy_loss': 1.0972540914081037, 'train/value_loss': 0.3737280217465013, 'train/terminate_rate': 1.0, 'train/replay_buffer_samples': 1048576, 'train/num_updates': 256, 'train/sample_reuse': 4.0, 'train/new_samples': 262281, 'train/value_target_fraction': 1.0, 'train/pending_steps': 31390, 'selfplay/num_simulations': 64, 'selfplay/games_finished': 4915, 'selfplay/full_search_fraction': 0.23046875, 'selfplay/draw_rate': 0.009562563580874872, 'selfplay/clock_end_rate': 0.06897253306205493, 'selfplay/move_list_overflow': 0.0, 'selfplay/steps_per_game': 53.33550356052899, 'hours': 44.12562387420074, 'frames': 53215232}
Saving checkpoint: checkpoints/gess_joint_20261005001759/000204.ckpt
Saving data state: checkpoints/gess_joint_20261005001759/data_state.pkl
{'iteration': 204, 'train/policy_loss': 1.0806463090702891, 'train/value_loss': 0.37438633607234806, 'train/terminate_rate': 1.0, 'train/replay_buffer_samples': 1048576, 'train/num_updates': 256, 'train/sample_reuse': 4.0, 'train/new_samples': 262390, 'train/value_target_fraction': 1.0, 'train/pending_steps': 31144, 'selfplay/num_simulations': 64, 'selfplay/games_finished': 4771, 'selfplay/full_search_fraction': 0.22265625, 'selfplay/draw_rate': 0.01467197652483756, 'selfplay/clock_end_rate': 0.07839027457556068, 'selfplay/move_list_overflow': 0.0, 'selfplay/steps_per_game': 54.94529448752882, 'hours': 44.3617125652234, 'frames': 53477376, 'eval/vs_baseline/avg_R': 1.0, 'eval/vs_baseline/win_rate': 1.0, 'eval/vs_baseline/draw_rate': 0.0, 'eval/vs_baseline/lose_rate': 0.0, 'eval/vs_baseline/value_mse': 0.7221601605415344}
{'iteration': 205, 'train/policy_loss': 1.0706270039081573, 'train/value_loss': 0.3762492211535573, 'train/terminate_rate': 1.0, 'train/replay_buffer_samples': 1048576, 'train/num_updates': 256, 'train/sample_reuse': 4.0, 'train/new_samples': 261643, 'train/value_target_fraction': 1.0, 'train/pending_steps': 31645, 'selfplay/num_simulations': 64, 'selfplay/games_finished': 4787, 'selfplay/full_search_fraction': 0.2734375, 'selfplay/draw_rate': 0.01232504700229789, 'selfplay/clock_end_rate': 0.08188844787967411, 'selfplay/move_list_overflow': 0.0, 'selfplay/steps_per_game': 54.76164612492166, 'hours': 44.612572244339546, 'frames': 53739520, 'eval/mcts/score': 0.546875, 'eval/mcts/elo': 32.668018580527814, 'eval/mcts/draw_rate': 0.0, 'eval/mcts/seconds': 94.13419699668884}
{'iteration': 206, 'train/policy_loss': 1.0557823705021292, 'train/value_loss': 0.3779396100435406, 'train/terminate_rate': 1.0, 'train/replay_buffer_samples': 1048576, 'train/num_updates': 256, 'train/sample_reuse': 4.0, 'train/new_samples': 263248, 'train/value_target_fraction': 1.0, 'train/pending_steps': 30541, 'selfplay/num_simulations': 64, 'selfplay/games_finished': 4706, 'selfplay/full_search_fraction': 0.22265625, 'selfplay/draw_rate': 0.011687207819804505, 'selfplay/clock_end_rate': 0.08032299192520187, 'selfplay/move_list_overflow': 0.0, 'selfplay/steps_per_game': 55.70420739481513, 'hours': 44.841135518153536, 'frames': 54001664}
{'iteration': 207, 'train/policy_loss': 1.0699953096918762, 'train/value_loss': 0.37643636751454324, 'train/terminate_rate': 1.0, 'train/replay_buffer_samples': 1048576, 'train/num_updates': 256, 'train/sample_reuse': 4.0, 'train/new_samples': 260074, 'train/value_target_fraction': 1.0, 'train/pending_steps': 32611, 'selfplay/num_simulations': 64, 'selfplay/games_finished': 4565, 'selfplay/full_search_fraction': 0.234375, 'selfplay/draw_rate': 0.01380065717415115, 'selfplay/clock_end_rate': 0.09419496166484119, 'selfplay/move_list_overflow': 0.0, 'selfplay/steps_per_game': 57.42475355969332, 'hours': 45.08167888290355, 'frames': 54263808}
Saving checkpoint: checkpoints/gess_joint_20261005001759/000208.ckpt
Saving data state: checkpoints/gess_joint_20261005001759/data_state.pkl
{'iteration': 208, 'train/policy_loss': 1.0789535590447485, 'train/value_loss': 0.3782178823603317, 'train/terminate_rate': 1.0, 'train/replay_buffer_samples': 1048576, 'train/num_updates': 256, 'train/sample_reuse': 4.0, 'train/new_samples': 263330, 'train/value_target_fraction': 1.0, 'train/pending_steps': 31425, 'selfplay/num_simulations': 64, 'selfplay/games_finished': 4713, 'selfplay/full_search_fraction': 0.28125, 'selfplay/draw_rate': 0.012730744748567792, 'selfplay/clock_end_rate': 0.08975175047740293, 'selfplay/move_list_overflow': 0.0, 'selfplay/steps_per_game': 55.62147252280925, 'hours': 45.335107196768156, 'frames': 54525952, 'eval/vs_baseline/avg_R': 1.0, 'eval/vs_baseline/win_rate': 1.0, 'eval/vs_baseline/draw_rate': 0.0, 'eval/vs_baseline/lose_rate': 0.0, 'eval/vs_baseline/value_mse': 0.7519704699516296}
{'iteration': 209, 'train/policy_loss': 1.0855172479059547, 'train/value_loss': 0.37716293276753277, 'train/terminate_rate': 1.0, 'train/replay_buffer_samples': 1048576, 'train/num_updates': 256, 'train/sample_reuse': 4.0, 'train/new_samples': 262461, 'train/value_target_fraction': 1.0, 'train/pending_steps': 31108, 'selfplay/num_simulations': 64, 'selfplay/games_finished': 4672, 'selfplay/full_search_fraction': 0.203125, 'selfplay/draw_rate': 0.013912671232876712, 'selfplay/clock_end_rate': 0.0916095890410959, 'selfplay/move_list_overflow': 0.0, 'selfplay/steps_per_game': 56.10958904109589, 'hours': 45.56226321015096, 'frames': 54788096}
{'iteration': 210, 'train/policy_loss': 1.0923080630600452, 'train/value_loss': 0.3774449252523482, 'train/terminate_rate': 1.0, 'train/replay_buffer_samples': 1048576, 'train/num_updates': 256, 'train/sample_reuse': 4.0, 'train/new_samples': 262859, 'train/value_target_fraction': 1.0, 'train/pending_steps': 30393, 'selfplay/num_simulations': 64, 'selfplay/games_finished': 4826, 'selfplay/full_search_fraction': 0.23046875, 'selfplay/draw_rate': 0.014504765851636967, 'selfplay/clock_end_rate': 0.09013675922088686, 'selfplay/move_list_overflow': 0.0, 'selfplay/steps_per_game': 54.31910484873601, 'hours': 45.80151889218227, 'frames': 55050240, 'eval/mcts/score': 0.58203125, 'eval/mcts/elo': 57.52099629082576, 'eval/mcts/draw_rate': 0.0078125, 'eval/mcts/seconds': 93.33162927627563}
{'iteration': 211, 'train/policy_loss': 1.0856081158854067, 'train/value_loss': 0.37939758819993585, 'train/terminate_rate': 1.0, 'train/replay_buffer_samples': 1048576, 'train/num_updates': 256, 'train/sample_reuse': 4.0, 'train/new_samples': 260748, 'train/value_target_fraction': 1.0, 'train/pending_steps': 31789, 'selfplay/num_simulations': 64, 'selfplay/games_finished': 4884, 'selfplay/full_search_fraction': 0.21484375, 'selfplay/draw_rate': 0.01126126126126126, 'selfplay/clock_end_rate': 0.07616707616707617, 'selfplay/move_list_overflow': 0.0, 'selfplay/steps_per_game': 53.67403767403768, 'hours': 46.02702278998166, 'frames': 55312384}
Saving checkpoint: checkpoints/gess_joint_20261005001759/000212.ckpt
Saving data state: checkpoints/gess_joint_20261005001759/data_state.pkl
{'iteration': 212, 'train/policy_loss': 1.0790835740044713, 'train/value_loss': 0.37684408377390355, 'train/terminate_rate': 1.0, 'train/replay_buffer_samples': 1048576, 'train/num_updates': 256, 'train/sample_reuse': 4.0, 'train/new_samples': 260886, 'train/value_target_fraction': 1.0, 'train/pending_steps': 33047, 'selfplay/num_simulations': 64, 'selfplay/games_finished': 4643, 'selfplay/full_search_fraction': 0.20703125, 'selfplay/draw_rate': 0.012276545337066552, 'selfplay/clock_end_rate': 0.09239715701055352, 'selfplay/move_list_overflow': 0.0, 'selfplay/steps_per_game': 56.460047383157445, 'hours': 46.2503060900503, 'frames': 55574528, 'eval/vs_baseline/avg_R': 1.0, 'eval/vs_baseline/win_rate': 1.0, 'eval/vs_baseline/draw_rate': 0.0, 'eval/vs_baseline/lose_rate': 0.0, 'eval/vs_baseline/value_mse': 0.729694664478302}
{'iteration': 213, 'train/policy_loss': 1.0695414105430245, 'train/value_loss': 0.37701097957324237, 'train/terminate_rate': 1.0, 'train/replay_buffer_samples': 1048576, 'train/num_updates': 256, 'train/sample_reuse': 4.0, 'train/new_samples': 262013, 'train/value_target_fraction': 1.0, 'train/pending_steps': 33178, 'selfplay/num_simulations': 64, 'selfplay/games_finished': 4706, 'selfplay/full_search_fraction': 0.30078125, 'selfplay/draw_rate': 0.012749681257968552, 'selfplay/clock_end_rate': 0.08712282192945177, 'selfplay/move_list_overflow': 0.0, 'selfplay/steps_per_game': 55.70420739481513, 'hours': 46.510495544340905, 'frames': 55836672}
{'iteration': 214, 'train/policy_loss': 1.0659463685005903, 'train/value_loss': 0.37521606613881886, 'train/terminate_rate': 1.0, 'train/replay_buffer_samples': 1048576, 'train/num_updates': 256, 'train/sample_reuse': 4.0, 'train/new_samples': 265452, 'train/value_target_fraction': 1.0, 'train/pending_steps': 29870, 'selfplay/num_simulations': 64, 'selfplay/games_finished': 4829, 'selfplay/full_search_fraction': 0.2734375, 'selfplay/draw_rate': 0.01387450817974736, 'selfplay/clock_end_rate': 0.08490370677158832, 'selfplay/move_list_overflow': 0.0, 'selfplay/steps_per_game': 54.28535928763719, 'hours': 46.76022221353322, 'frames': 56098816}
{'iteration': 215, 'train/policy_loss': 1.0623457664623857, 'train/value_loss': 0.3734870729967952, 'train/terminate_rate': 1.0, 'train/replay_buffer_samples': 1048576, 'train/num_updates': 256, 'train/sample_reuse': 4.0, 'train/new_samples': 261035, 'train/value_target_fraction': 1.0, 'train/pending_steps': 30979, 'selfplay/num_simulations': 64, 'selfplay/games_finished': 4755, 'selfplay/full_search_fraction': 0.265625, 'selfplay/draw_rate': 0.011566771819137749, 'selfplay/clock_end_rate': 0.09232386961093586, 'selfplay/move_list_overflow': 0.0, 'selfplay/steps_per_game': 55.13017875920084, 'hours': 47.013464710977374, 'frames': 56360960, 'eval/mcts/score': 0.56640625, 'eval/mcts/elo': 46.41800937932698, 'eval/mcts/draw_rate': 0.0078125, 'eval/mcts/seconds': 95.98829340934753}
Saving checkpoint: checkpoints/gess_joint_20261005001759/000216.ckpt
Saving data state: checkpoints/gess_joint_20261005001759/data_state.pkl
{'iteration': 216, 'train/policy_loss': 1.0652346317656338, 'train/value_loss': 0.3754092383896932, 'train/terminate_rate': 1.0, 'train/replay_buffer_samples': 1048576, 'train/num_updates': 256, 'train/sample_reuse': 4.0, 'train/new_samples': 260970, 'train/value_target_fraction': 1.0, 'train/pending_steps': 32153, 'selfplay/num_simulations': 64, 'selfplay/games_finished': 4633, 'selfplay/full_search_fraction': 0.2734375, 'selfplay/draw_rate': 0.010576300453270019, 'selfplay/clock_end_rate': 0.09475501834664364, 'selfplay/move_list_overflow': 0.0, 'selfplay/steps_per_game': 56.58191236779624, 'hours': 47.26896536760863, 'frames': 56623104, 'eval/vs_baseline/avg_R': 1.0, 'eval/vs_baseline/win_rate': 1.0, 'eval/vs_baseline/draw_rate': 0.0, 'eval/vs_baseline/lose_rate': 0.0, 'eval/vs_baseline/value_mse': 0.7331835031509399}
{'iteration': 217, 'train/policy_loss': 1.0775323333218694, 'train/value_loss': 0.37298968026880175, 'train/terminate_rate': 1.0, 'train/replay_buffer_samples': 1048576, 'train/num_updates': 256, 'train/sample_reuse': 4.0, 'train/new_samples': 263025, 'train/value_target_fraction': 1.0, 'train/pending_steps': 31272, 'selfplay/num_simulations': 64, 'selfplay/games_finished': 4858, 'selfplay/full_search_fraction': 0.26171875, 'selfplay/draw_rate': 0.00699876492383697, 'selfplay/clock_end_rate': 0.07492795389048991, 'selfplay/move_list_overflow': 0.0, 'selfplay/steps_per_game': 53.961300946891726, 'hours': 47.52065926664408, 'frames': 56885248}
{'iteration': 218, 'train/policy_loss': 1.0830931277014315, 'train/value_loss': 0.37133470096159726, 'train/terminate_rate': 1.0, 'train/replay_buffer_samples': 1048576, 'train/num_updates': 256, 'train/sample_reuse': 4.0, 'train/new_samples': 261467, 'train/value_target_fraction': 1.0, 'train/pending_steps': 31949, 'selfplay/num_simulations': 64, 'selfplay/games_finished': 4758, 'selfplay/full_search_fraction': 0.2421875, 'selfplay/draw_rate': 0.01092896174863388, 'selfplay/clock_end_rate': 0.0842791088692728, 'selfplay/move_list_overflow': 0.0, 'selfplay/steps_per_game': 55.09541824295923, 'hours': 47.7635974133015, 'frames': 57147392}
{'iteration': 219, 'train/policy_loss': 1.0907883178442717, 'train/value_loss': 0.3732147921109572, 'train/terminate_rate': 1.0, 'train/replay_buffer_samples': 1048576, 'train/num_updates': 256, 'train/sample_reuse': 4.0, 'train/new_samples': 262917, 'train/value_target_fraction': 1.0, 'train/pending_steps': 31176, 'selfplay/num_simulations': 64, 'selfplay/games_finished': 4646, 'selfplay/full_search_fraction': 0.26953125, 'selfplay/draw_rate': 0.011838140335772707, 'selfplay/clock_end_rate': 0.09987085665088248, 'selfplay/move_list_overflow': 0.0, 'selfplay/steps_per_game': 56.42359018510547, 'hours': 48.017979616522815, 'frames': 57409536, 'eval/mcts/score': 0.66015625, 'eval/mcts/elo': 115.34698079802202, 'eval/mcts/draw_rate': 0.0078125, 'eval/mcts/seconds': 99.23573064804077}
Saving checkpoint: checkpoints/gess_joint_20261005001759/000220.ckpt
Saving data state: checkpoints/gess_joint_20261005001759/data_state.pkl
{'iteration': 220, 'train/policy_loss': 1.0991140990518034, 'train/value_loss': 0.3718403512611985, 'train/terminate_rate': 1.0, 'train/replay_buffer_samples': 1048576, 'train/num_updates': 256, 'train/sample_reuse': 4.0, 'train/new_samples': 261051, 'train/value_target_fraction': 1.0, 'train/pending_steps': 32269, 'selfplay/num_simulations': 64, 'selfplay/games_finished': 4609, 'selfplay/full_search_fraction': 0.23046875, 'selfplay/draw_rate': 0.012367107832501627, 'selfplay/clock_end_rate': 0.09741809503146019, 'selfplay/move_list_overflow': 0.0, 'selfplay/steps_per_game': 56.876545888479065, 'hours': 48.25121754142976, 'frames': 57671680, 'eval/vs_baseline/avg_R': 1.0, 'eval/vs_baseline/win_rate': 1.0, 'eval/vs_baseline/draw_rate': 0.0, 'eval/vs_baseline/lose_rate': 0.0, 'eval/vs_baseline/value_mse': 0.7180377244949341}
{'iteration': 221, 'train/policy_loss': 1.0907163019292057, 'train/value_loss': 0.3736353381536901, 'train/terminate_rate': 1.0, 'train/replay_buffer_samples': 1048576, 'train/num_updates': 256, 'train/sample_reuse': 4.0, 'train/new_samples': 262168, 'train/value_target_fraction': 1.0, 'train/pending_steps': 32245, 'selfplay/num_simulations': 64, 'selfplay/games_finished': 4909, 'selfplay/full_search_fraction': 0.24609375, 'selfplay/draw_rate': 0.010796496231411693, 'selfplay/clock_end_rate': 0.07863108576084742, 'selfplay/move_list_overflow': 0.0, 'selfplay/steps_per_game': 53.40069260541862, 'hours': 48.49567830079135, 'frames': 57933824}
{'iteration': 222, 'train/policy_loss': 1.094980247784406, 'train/value_loss': 0.3752116641262546, 'train/terminate_rate': 1.0, 'train/replay_buffer_samples': 1048576, 'train/num_updates': 256, 'train/sample_reuse': 4.0, 'train/new_samples': 264587, 'train/value_target_fraction': 1.0, 'train/pending_steps': 29802, 'selfplay/num_simulations': 64, 'selfplay/games_finished': 4875, 'selfplay/full_search_fraction': 0.25, 'selfplay/draw_rate': 0.010871794871794871, 'selfplay/clock_end_rate': 0.08, 'selfplay/move_list_overflow': 0.0, 'selfplay/steps_per_game': 53.7731282051282, 'hours': 48.74140822602646, 'frames': 58195968}
{'iteration': 223, 'train/policy_loss': 1.0826021376997232, 'train/value_loss': 0.37415570206940174, 'train/terminate_rate': 1.0, 'train/replay_buffer_samples': 1048576, 'train/num_updates': 256, 'train/sample_reuse': 4.0, 'train/new_samples': 260216, 'train/value_target_fraction': 1.0, 'train/pending_steps': 31730, 'selfplay/num_simulations': 64, 'selfplay/games_finished': 4687, 'selfplay/full_search_fraction': 0.234375, 'selfplay/draw_rate': 0.011307872839769575, 'selfplay/clock_end_rate': 0.09024962662684019, 'selfplay/move_list_overflow': 0.0, 'selfplay/steps_per_game': 55.93001920204822, 'hours': 48.97424168434411, 'frames': 58458112}
Saving checkpoint: checkpoints/gess_joint_20261005001759/000224.ckpt
Saving data state: checkpoints/gess_joint_20261005001759/data_state.pkl
{'iteration': 224, 'train/policy_loss': 1.07817102689296, 'train/value_loss': 0.37400603177957237, 'train/terminate_rate': 1.0, 'train/replay_buffer_samples': 1048576, 'train/num_updates': 256, 'train/sample_reuse': 4.0, 'train/new_samples': 260995, 'train/value_target_fraction': 1.0, 'train/pending_steps': 32879, 'selfplay/num_simulations': 64, 'selfplay/games_finished': 4527, 'selfplay/full_search_fraction': 0.31640625, 'selfplay/draw_rate': 0.015241882041086813, 'selfplay/clock_end_rate': 0.09719461011707532, 'selfplay/move_list_overflow': 0.0, 'selfplay/steps_per_game': 57.90678153302408, 'hours': 49.24981737693154, 'frames': 58720256, 'eval/vs_baseline/avg_R': 1.0, 'eval/vs_baseline/win_rate': 1.0, 'eval/vs_baseline/draw_rate': 0.0, 'eval/vs_baseline/lose_rate': 0.0, 'eval/vs_baseline/value_mse': 0.6935648918151855, 'eval/mcts/score': 0.5, 'eval/mcts/elo': 0.0, 'eval/mcts/draw_rate': 0.03125, 'eval/mcts/seconds': 98.61555886268616}
{'iteration': 225, 'train/policy_loss': 1.0658189659006894, 'train/value_loss': 0.37414284655824304, 'train/terminate_rate': 1.0, 'train/replay_buffer_samples': 1048576, 'train/num_updates': 256, 'train/sample_reuse': 4.0, 'train/new_samples': 262424, 'train/value_target_fraction': 1.0, 'train/pending_steps': 32599, 'selfplay/num_simulations': 64, 'selfplay/games_finished': 4606, 'selfplay/full_search_fraction': 0.2109375, 'selfplay/draw_rate': 0.011506730351715155, 'selfplay/clock_end_rate': 0.09205384281372124, 'selfplay/move_list_overflow': 0.0, 'selfplay/steps_per_game': 56.913590968302216, 'hours': 49.48026629487676, 'frames': 58982400}
{'iteration': 226, 'train/policy_loss': 1.055604666704312, 'train/value_loss': 0.37293417227920145, 'train/terminate_rate': 1.0, 'train/replay_buffer_samples': 1048576, 'train/num_updates': 256, 'train/sample_reuse': 4.0, 'train/new_samples': 262245, 'train/value_target_fraction': 1.0, 'train/pending_steps': 32498, 'selfplay/num_simulations': 64, 'selfplay/games_finished': 4584, 'selfplay/full_search_fraction': 0.2578125, 'selfplay/draw_rate': 0.01068935427574171, 'selfplay/clock_end_rate': 0.09140488656195463, 'selfplay/move_list_overflow': 0.0, 'selfplay/steps_per_game': 57.18673647469459, 'hours': 49.73019101083282, 'frames': 59244544}
{'iteration': 227, 'train/policy_loss': 1.0630627512000501, 'train/value_loss': 0.37280917807947844, 'train/terminate_rate': 1.0, 'train/replay_buffer_samples': 1048576, 'train/num_updates': 256, 'train/sample_reuse': 4.0, 'train/new_samples': 261313, 'train/value_target_fraction': 1.0, 'train/pending_steps': 33329, 'selfplay/num_simulations': 64, 'selfplay/games_finished': 4505, 'selfplay/full_search_fraction': 0.26953125, 'selfplay/draw_rate': 0.01021087680355161, 'selfplay/clock_end_rate': 0.0925638179800222, 'selfplay/move_list_overflow': 0.0, 'selfplay/steps_per_game': 58.189567147613765, 'hours': 49.97862697409262, 'frames': 59506688}
Saving checkpoint: checkpoints/gess_joint_20261005001759/000228.ckpt
Saving data state: checkpoints/gess_joint_20261005001759/data_state.pkl
{'iteration': 228, 'train/policy_loss': 1.0561742188874632, 'train/value_loss': 0.37362278916407377, 'train/terminate_rate': 1.0, 'train/replay_buffer_samples': 1048576, 'train/num_updates': 256, 'train/sample_reuse': 4.0, 'train/new_samples': 262760, 'train/value_target_fraction': 1.0, 'train/pending_steps': 32713, 'selfplay/num_simulations': 64, 'selfplay/games_finished': 4530, 'selfplay/full_search_fraction': 0.234375, 'selfplay/draw_rate': 0.013465783664459162, 'selfplay/clock_end_rate': 0.10242825607064018, 'selfplay/move_list_overflow': 0.0, 'selfplay/steps_per_game': 57.86843267108168, 'hours': 50.218906595640746, 'frames': 59768832, 'eval/vs_baseline/avg_R': 1.0, 'eval/vs_baseline/win_rate': 1.0, 'eval/vs_baseline/draw_rate': 0.0, 'eval/vs_baseline/lose_rate': 0.0, 'eval/vs_baseline/value_mse': 0.680648684501648, 'eval/mcts/score': 0.5859375, 'eval/mcts/elo': 60.31415751636439, 'eval/mcts/draw_rate': 0.015625, 'eval/mcts/seconds': 94.4798264503479}
{'iteration': 229, 'train/policy_loss': 1.0609966171905398, 'train/value_loss': 0.3730681168381125, 'train/terminate_rate': 1.0, 'train/replay_buffer_samples': 1048576, 'train/num_updates': 256, 'train/sample_reuse': 4.0, 'train/new_samples': 261378, 'train/value_target_fraction': 1.0, 'train/pending_steps': 33479, 'selfplay/num_simulations': 64, 'selfplay/games_finished': 4469, 'selfplay/full_search_fraction': 0.22265625, 'selfplay/draw_rate': 0.013425822331617812, 'selfplay/clock_end_rate': 0.09890355784291788, 'selfplay/move_list_overflow': 0.0, 'selfplay/steps_per_game': 58.658312821660324, 'hours': 50.4544512565931, 'frames': 60030976}
{'iteration': 230, 'train/policy_loss': 1.0731989382766187, 'train/value_loss': 0.3734966571209952, 'train/terminate_rate': 1.0, 'train/replay_buffer_samples': 1048576, 'train/num_updates': 256, 'train/sample_reuse': 4.0, 'train/new_samples': 262059, 'train/value_target_fraction': 1.0, 'train/pending_steps': 33564, 'selfplay/num_simulations': 64, 'selfplay/games_finished': 4459, 'selfplay/full_search_fraction': 0.203125, 'selfplay/draw_rate': 0.013007400762502803, 'selfplay/clock_end_rate': 0.10607759587351424, 'selfplay/move_list_overflow': 0.0, 'selfplay/steps_per_game': 58.78986319802647, 'hours': 50.675529922114514, 'frames': 60293120}
{'iteration': 231, 'train/policy_loss': 1.0767662930302322, 'train/value_loss': 0.37355619901791215, 'train/terminate_rate': 1.0, 'train/replay_buffer_samples': 1048576, 'train/num_updates': 256, 'train/sample_reuse': 4.0, 'train/new_samples': 261574, 'train/value_target_fraction': 1.0, 'train/pending_steps': 34134, 'selfplay/num_simulations': 64, 'selfplay/games_finished': 4464, 'selfplay/full_search_fraction': 0.26171875, 'selfplay/draw_rate': 0.0114247311827957, 'selfplay/clock_end_rate': 0.10506272401433692, 'selfplay/move_list_overflow': 0.0, 'selfplay/steps_per_game': 58.72401433691756, 'hours': 50.927307215200564, 'frames': 60555264}
Saving checkpoint: checkpoints/gess_joint_20261005001759/000232.ckpt
Saving data state: checkpoints/gess_joint_20261005001759/data_state.pkl
{'iteration': 232, 'train/policy_loss': 1.0643046009354293, 'train/value_loss': 0.372903338749893, 'train/terminate_rate': 1.0, 'train/replay_buffer_samples': 1048576, 'train/num_updates': 256, 'train/sample_reuse': 4.0, 'train/new_samples': 262704, 'train/value_target_fraction': 1.0, 'train/pending_steps': 33574, 'selfplay/num_simulations': 64, 'selfplay/games_finished': 4479, 'selfplay/full_search_fraction': 0.22265625, 'selfplay/draw_rate': 0.01830765795936593, 'selfplay/clock_end_rate': 0.1134181736994865, 'selfplay/move_list_overflow': 0.0, 'selfplay/steps_per_game': 58.527349854878324, 'hours': 51.15620290001237, 'frames': 60817408, 'eval/vs_baseline/avg_R': 1.0, 'eval/vs_baseline/win_rate': 1.0, 'eval/vs_baseline/draw_rate': 0.0, 'eval/vs_baseline/lose_rate': 0.0, 'eval/vs_baseline/value_mse': 0.6675686836242676}
{'iteration': 233, 'train/policy_loss': 1.0672094132751226, 'train/value_loss': 0.37102808034978807, 'train/terminate_rate': 1.0, 'train/replay_buffer_samples': 1048576, 'train/num_updates': 256, 'train/sample_reuse': 4.0, 'train/new_samples': 260414, 'train/value_target_fraction': 1.0, 'train/pending_steps': 35304, 'selfplay/num_simulations': 64, 'selfplay/games_finished': 4352, 'selfplay/full_search_fraction': 0.234375, 'selfplay/draw_rate': 0.01608455882352941, 'selfplay/clock_end_rate': 0.12063419117647059, 'selfplay/move_list_overflow': 0.0, 'selfplay/steps_per_game': 60.23529411764706, 'hours': 51.39020190543602, 'frames': 61079552, 'eval/mcts/score': 0.5234375, 'eval/mcts/elo': 16.297987076023777, 'eval/mcts/draw_rate': 0.015625, 'eval/mcts/seconds': 97.27210283279419}
{'iteration': 234, 'train/policy_loss': 1.0553717648144811, 'train/value_loss': 0.37139917130116373, 'train/terminate_rate': 1.0, 'train/replay_buffer_samples': 1048576, 'train/num_updates': 256, 'train/sample_reuse': 4.0, 'train/new_samples': 264022, 'train/value_target_fraction': 1.0, 'train/pending_steps': 33426, 'selfplay/num_simulations': 64, 'selfplay/games_finished': 4408, 'selfplay/full_search_fraction': 0.2734375, 'selfplay/draw_rate': 0.014745916515426498, 'selfplay/clock_end_rate': 0.12137023593466424, 'selfplay/move_list_overflow': 0.0, 'selfplay/steps_per_game': 59.47005444646098, 'hours': 51.64752504116963, 'frames': 61341696}
{'iteration': 235, 'train/policy_loss': 1.0542196973692626, 'train/value_loss': 0.3706405605189502, 'train/terminate_rate': 1.0, 'train/replay_buffer_samples': 1048576, 'train/num_updates': 256, 'train/sample_reuse': 4.0, 'train/new_samples': 260456, 'train/value_target_fraction': 1.0, 'train/pending_steps': 35114, 'selfplay/num_simulations': 64, 'selfplay/games_finished': 4279, 'selfplay/full_search_fraction': 0.30078125, 'selfplay/draw_rate': 0.015891563449404067, 'selfplay/clock_end_rate': 0.1191867258705305, 'selfplay/move_list_overflow': 0.0, 'selfplay/steps_per_game': 61.26291189530264, 'hours': 51.91611995836103, 'frames': 61603840}
Saving checkpoint: checkpoints/gess_joint_20261005001759/000236.ckpt
Saving data state: checkpoints/gess_joint_20261005001759/data_state.pkl
{'iteration': 236, 'train/policy_loss': 1.0503357730340213, 'train/value_loss': 0.3710474327672273, 'train/terminate_rate': 1.0, 'train/replay_buffer_samples': 1048576, 'train/num_updates': 256, 'train/sample_reuse': 4.0, 'train/new_samples': 263109, 'train/value_target_fraction': 1.0, 'train/pending_steps': 34149, 'selfplay/num_simulations': 64, 'selfplay/games_finished': 4331, 'selfplay/full_search_fraction': 0.26171875, 'selfplay/draw_rate': 0.019395058877857307, 'selfplay/clock_end_rate': 0.12514430847379357, 'selfplay/move_list_overflow': 0.0, 'selfplay/steps_per_game': 60.527360886631264, 'hours': 52.16784430775382, 'frames': 61865984, 'eval/vs_baseline/avg_R': 1.0, 'eval/vs_baseline/win_rate': 1.0, 'eval/vs_baseline/draw_rate': 0.0, 'eval/vs_baseline/lose_rate': 0.0, 'eval/vs_baseline/value_mse': 0.6425557732582092}
{'iteration': 237, 'train/policy_loss': 1.044669781345874, 'train/value_loss': 0.372522828867659, 'train/terminate_rate': 1.0, 'train/replay_buffer_samples': 1048576, 'train/num_updates': 256, 'train/sample_reuse': 4.0, 'train/new_samples': 262477, 'train/value_target_fraction': 1.0, 'train/pending_steps': 33816, 'selfplay/num_simulations': 64, 'selfplay/games_finished': 4388, 'selfplay/full_search_fraction': 0.2421875, 'selfplay/draw_rate': 0.01618049225159526, 'selfplay/clock_end_rate': 0.12511394712853235, 'selfplay/move_list_overflow': 0.0, 'selfplay/steps_per_game': 59.741112123974474, 'hours': 52.41243005918136, 'frames': 62128128, 'eval/mcts/score': 0.59375, 'eval/mcts/elo': 65.92409945839687, 'eval/mcts/draw_rate': 0.015625, 'eval/mcts/seconds': 97.81287336349487}
{'iteration': 238, 'train/policy_loss': 1.0468682392966002, 'train/value_loss': 0.3708057359326631, 'train/terminate_rate': 1.0, 'train/replay_buffer_samples': 1048576, 'train/num_updates': 256, 'train/sample_reuse': 4.0, 'train/new_samples': 262354, 'train/value_target_fraction': 1.0, 'train/pending_steps': 33606, 'selfplay/num_simulations': 64, 'selfplay/games_finished': 4364, 'selfplay/full_search_fraction': 0.2734375, 'selfplay/draw_rate': 0.01626947754353804, 'selfplay/clock_end_rate': 0.1301558203483043, 'selfplay/move_list_overflow': 0.0, 'selfplay/steps_per_game': 60.06966086159487, 'hours': 52.66317769534062, 'frames': 62390272}
{'iteration': 239, 'train/policy_loss': 1.039566827006638, 'train/value_loss': 0.37100539403036237, 'train/terminate_rate': 1.0, 'train/replay_buffer_samples': 1048576, 'train/num_updates': 256, 'train/sample_reuse': 4.0, 'train/new_samples': 262115, 'train/value_target_fraction': 1.0, 'train/pending_steps': 33635, 'selfplay/num_simulations': 64, 'selfplay/games_finished': 4404, 'selfplay/full_search_fraction': 0.234375, 'selfplay/draw_rate': 0.01407811080835604, 'selfplay/clock_end_rate': 0.1273841961852861, 'selfplay/move_list_overflow': 0.0, 'selfplay/steps_per_game': 59.52406902815622, 'hours': 52.9036656507519, 'frames': 62652416}
Saving checkpoint: checkpoints/gess_joint_20261005001759/000240.ckpt
Saving data state: checkpoints/gess_joint_20261005001759/data_state.pkl
{'iteration': 240, 'train/policy_loss': 1.0377730585169047, 'train/value_loss': 0.37034407816827297, 'train/terminate_rate': 1.0, 'train/replay_buffer_samples': 1048576, 'train/num_updates': 256, 'train/sample_reuse': 4.0, 'train/new_samples': 261852, 'train/value_target_fraction': 1.0, 'train/pending_steps': 33927, 'selfplay/num_simulations': 64, 'selfplay/games_finished': 4449, 'selfplay/full_search_fraction': 0.21484375, 'selfplay/draw_rate': 0.015509103169251517, 'selfplay/clock_end_rate': 0.11710496740840638, 'selfplay/move_list_overflow': 0.0, 'selfplay/steps_per_game': 58.922004944931444, 'hours': 53.13042582160901, 'frames': 62914560, 'eval/vs_baseline/avg_R': 1.0, 'eval/vs_baseline/win_rate': 1.0, 'eval/vs_baseline/draw_rate': 0.0, 'eval/vs_baseline/lose_rate': 0.0, 'eval/vs_baseline/value_mse': 0.6603383421897888}
{'iteration': 241, 'train/policy_loss': 1.038432186236605, 'train/value_loss': 0.3700926300371066, 'train/terminate_rate': 1.0, 'train/replay_buffer_samples': 1048576, 'train/num_updates': 256, 'train/sample_reuse': 4.0, 'train/new_samples': 261762, 'train/value_target_fraction': 1.0, 'train/pending_steps': 34309, 'selfplay/num_simulations': 64, 'selfplay/games_finished': 4449, 'selfplay/full_search_fraction': 0.2109375, 'selfplay/draw_rate': 0.012137559002022926, 'selfplay/clock_end_rate': 0.11732973701955496, 'selfplay/move_list_overflow': 0.0, 'selfplay/steps_per_game': 58.922004944931444, 'hours': 53.35553431431457, 'frames': 63176704}
{'iteration': 242, 'train/policy_loss': 1.0511446066666394, 'train/value_loss': 0.37061514938250184, 'train/terminate_rate': 1.0, 'train/replay_buffer_samples': 1048576, 'train/num_updates': 256, 'train/sample_reuse': 4.0, 'train/new_samples': 263318, 'train/value_target_fraction': 1.0, 'train/pending_steps': 33135, 'selfplay/num_simulations': 64, 'selfplay/games_finished': 4515, 'selfplay/full_search_fraction': 0.265625, 'selfplay/draw_rate': 0.013953488372093023, 'selfplay/clock_end_rate': 0.1220376522702104, 'selfplay/move_list_overflow': 0.0, 'selfplay/steps_per_game': 58.06068660022149, 'hours': 53.609023048546625, 'frames': 63438848, 'eval/mcts/score': 0.53515625, 'eval/mcts/elo': 24.46944230555039, 'eval/mcts/draw_rate': 0.0078125, 'eval/mcts/seconds': 108.63340044021606}
{'iteration': 243, 'train/policy_loss': 1.0614762578625232, 'train/value_loss': 0.37110815884079784, 'train/terminate_rate': 1.0, 'train/replay_buffer_samples': 1048576, 'train/num_updates': 256, 'train/sample_reuse': 4.0, 'train/new_samples': 263352, 'train/value_target_fraction': 1.0, 'train/pending_steps': 31927, 'selfplay/num_simulations': 64, 'selfplay/games_finished': 4566, 'selfplay/full_search_fraction': 0.24609375, 'selfplay/draw_rate': 0.011826544021024968, 'selfplay/clock_end_rate': 0.11213315812527376, 'selfplay/move_list_overflow': 0.0, 'selfplay/steps_per_game': 57.412176960140165, 'hours': 53.854350111948165, 'frames': 63700992}
Saving checkpoint: checkpoints/gess_joint_20261005001759/000244.ckpt
Saving data state: checkpoints/gess_joint_20261005001759/data_state.pkl
{'iteration': 244, 'train/policy_loss': 1.0656837420538068, 'train/value_loss': 0.3700727829709649, 'train/terminate_rate': 1.0, 'train/replay_buffer_samples': 1048576, 'train/num_updates': 256, 'train/sample_reuse': 4.0, 'train/new_samples': 261439, 'train/value_target_fraction': 1.0, 'train/pending_steps': 32632, 'selfplay/num_simulations': 64, 'selfplay/games_finished': 4464, 'selfplay/full_search_fraction': 0.24609375, 'selfplay/draw_rate': 0.014336917562724014, 'selfplay/clock_end_rate': 0.12051971326164874, 'selfplay/move_list_overflow': 0.0, 'selfplay/steps_per_game': 58.72401433691756, 'hours': 54.09232188383743, 'frames': 63963136, 'eval/vs_baseline/avg_R': 1.0, 'eval/vs_baseline/win_rate': 1.0, 'eval/vs_baseline/draw_rate': 0.0, 'eval/vs_baseline/lose_rate': 0.0, 'eval/vs_baseline/value_mse': 0.6801616549491882}
{'iteration': 245, 'train/policy_loss': 1.0665356204845011, 'train/value_loss': 0.37068034859839827, 'train/terminate_rate': 1.0, 'train/replay_buffer_samples': 1048576, 'train/num_updates': 256, 'train/sample_reuse': 4.0, 'train/new_samples': 260269, 'train/value_target_fraction': 1.0, 'train/pending_steps': 34507, 'selfplay/num_simulations': 64, 'selfplay/games_finished': 4465, 'selfplay/full_search_fraction': 0.2265625, 'selfplay/draw_rate': 0.009406494960806271, 'selfplay/clock_end_rate': 0.10795072788353863, 'selfplay/move_list_overflow': 0.0, 'selfplay/steps_per_game': 58.71086226203808, 'hours': 54.32981626762289, 'frames': 64225280}
{'iteration': 246, 'train/policy_loss': 1.0503609250299633, 'train/value_loss': 0.3724949056049809, 'train/terminate_rate': 1.0, 'train/replay_buffer_samples': 1048576, 'train/num_updates': 256, 'train/sample_reuse': 4.0, 'train/new_samples': 263608, 'train/value_target_fraction': 1.0, 'train/pending_steps': 33043, 'selfplay/num_simulations': 64, 'selfplay/games_finished': 4499, 'selfplay/full_search_fraction': 0.28515625, 'selfplay/draw_rate': 0.013780840186708157, 'selfplay/clock_end_rate': 0.10646810402311625, 'selfplay/move_list_overflow': 0.0, 'selfplay/steps_per_game': 58.267170482329405, 'hours': 54.58389285955169, 'frames': 64487424, 'eval/mcts/score': 0.5859375, 'eval/mcts/elo': 60.31415751636439, 'eval/mcts/draw_rate': 0.015625, 'eval/mcts/seconds': 99.31370568275452}
{'iteration': 247, 'train/policy_loss': 1.0399714938830584, 'train/value_loss': 0.37257234437856823, 'train/terminate_rate': 1.0, 'train/replay_buffer_samples': 1048576, 'train/num_updates': 256, 'train/sample_reuse': 4.0, 'train/new_samples': 262254, 'train/value_target_fraction': 1.0, 'train/pending_steps': 32933, 'selfplay/num_simulations': 64, 'selfplay/games_finished': 4475, 'selfplay/full_search_fraction': 0.28125, 'selfplay/draw_rate': 0.013407821229050279, 'selfplay/clock_end_rate': 0.1170949720670391, 'selfplay/move_list_overflow': 0.0, 'selfplay/steps_per_game': 58.579664804469274, 'hours': 54.860186265971976, 'frames': 64749568}
Saving checkpoint: checkpoints/gess_joint_20261005001759/000248.ckpt
Saving data state: checkpoints/gess_joint_20261005001759/data_state.pkl
{'iteration': 248, 'train/policy_loss': 1.0334649281576276, 'train/value_loss': 0.3751421745400876, 'train/terminate_rate': 1.0, 'train/replay_buffer_samples': 1048576, 'train/num_updates': 256, 'train/sample_reuse': 4.0, 'train/new_samples': 260599, 'train/value_target_fraction': 1.0, 'train/pending_steps': 34478, 'selfplay/num_simulations': 64, 'selfplay/games_finished': 4449, 'selfplay/full_search_fraction': 0.23828125, 'selfplay/draw_rate': 0.011912789390874354, 'selfplay/clock_end_rate': 0.1013710946280063, 'selfplay/move_list_overflow': 0.0, 'selfplay/steps_per_game': 58.922004944931444, 'hours': 55.10899651646619, 'frames': 65011712, 'eval/vs_baseline/avg_R': 1.0, 'eval/vs_baseline/win_rate': 1.0, 'eval/vs_baseline/draw_rate': 0.0, 'eval/vs_baseline/lose_rate': 0.0, 'eval/vs_baseline/value_mse': 0.6261829137802124}
{'iteration': 249, 'train/policy_loss': 1.0225749106612056, 'train/value_loss': 0.3744062290061265, 'train/terminate_rate': 1.0, 'train/replay_buffer_samples': 1048576, 'train/num_updates': 256, 'train/sample_reuse': 4.0, 'train/new_samples': 263374, 'train/value_target_fraction': 1.0, 'train/pending_steps': 33248, 'selfplay/num_simulations': 64, 'selfplay/games_finished': 4527, 'selfplay/full_search_fraction': 0.2734375, 'selfplay/draw_rate': 0.012149326264634415, 'selfplay/clock_end_rate': 0.10448420587585598, 'selfplay/move_list_overflow': 0.0, 'selfplay/steps_per_game': 57.90678153302408, 'hours': 55.36793667614465, 'frames': 65273856}
{'iteration': 250, 'train/policy_loss': 1.0193886107299477, 'train/value_loss': 0.3736938025103882, 'train/terminate_rate': 1.0, 'train/replay_buffer_samples': 1048576, 'train/num_updates': 256, 'train/sample_reuse': 4.0, 'train/new_samples': 262249, 'train/value_target_fraction': 1.0, 'train/pending_steps': 33143, 'selfplay/num_simulations': 64, 'selfplay/games_finished': 4477, 'selfplay/full_search_fraction': 0.2890625, 'selfplay/draw_rate': 0.014071923162832253, 'selfplay/clock_end_rate': 0.10096046459682824, 'selfplay/move_list_overflow': 0.0, 'selfplay/steps_per_game': 58.553495644404734, 'hours': 55.63275640798945, 'frames': 65536000, 'eval/mcts/score': 0.5234375, 'eval/mcts/elo': 16.297987076023777, 'eval/mcts/draw_rate': 0.03125, 'eval/mcts/seconds': 135.74375820159912}
{'iteration': 251, 'train/policy_loss': 1.01585099613294, 'train/value_loss': 0.37290017306804657, 'train/terminate_rate': 1.0, 'train/replay_buffer_samples': 1048576, 'train/num_updates': 256, 'train/sample_reuse': 4.0, 'train/new_samples': 261242, 'train/value_target_fraction': 1.0, 'train/pending_steps': 34045, 'selfplay/num_simulations': 64, 'selfplay/games_finished': 4555, 'selfplay/full_search_fraction': 0.25, 'selfplay/draw_rate': 0.012074643249176729, 'selfplay/clock_end_rate': 0.09681668496158068, 'selfplay/move_list_overflow': 0.0, 'selfplay/steps_per_game': 57.550823271130625, 'hours': 55.88708824329911, 'frames': 65798144}
Saving checkpoint: checkpoints/gess_joint_20261005001759/000252.ckpt
Saving data state: checkpoints/gess_joint_20261005001759/data_state.pkl
{'iteration': 252, 'train/policy_loss': 1.0200085183605552, 'train/value_loss': 0.37232877337373793, 'train/terminate_rate': 1.0, 'train/replay_buffer_samples': 1048576, 'train/num_updates': 256, 'train/sample_reuse': 4.0, 'train/new_samples': 263611, 'train/value_target_fraction': 1.0, 'train/pending_steps': 32578, 'selfplay/num_simulations': 64, 'selfplay/games_finished': 4573, 'selfplay/full_search_fraction': 0.28125, 'selfplay/draw_rate': 0.014432538814782419, 'selfplay/clock_end_rate': 0.09490487644872075, 'selfplay/move_list_overflow': 0.0, 'selfplay/steps_per_game': 57.324294773671554, 'hours': 56.140552246703095, 'frames': 66060288, 'eval/vs_baseline/avg_R': 1.0, 'eval/vs_baseline/win_rate': 1.0, 'eval/vs_baseline/draw_rate': 0.0, 'eval/vs_baseline/lose_rate': 0.0, 'eval/vs_baseline/value_mse': 0.618293285369873}
{'iteration': 253, 'train/policy_loss': 1.0232075112871826, 'train/value_loss': 0.3736043757526204, 'train/terminate_rate': 1.0, 'train/replay_buffer_samples': 1048576, 'train/num_updates': 256, 'train/sample_reuse': 4.0, 'train/new_samples': 262778, 'train/value_target_fraction': 1.0, 'train/pending_steps': 31944, 'selfplay/num_simulations': 64, 'selfplay/games_finished': 4589, 'selfplay/full_search_fraction': 0.30078125, 'selfplay/draw_rate': 0.013292656352146437, 'selfplay/clock_end_rate': 0.09740684244933537, 'selfplay/move_list_overflow': 0.0, 'selfplay/steps_per_game': 57.12442797995206, 'hours': 56.405978453159385, 'frames': 66322432}
{'iteration': 254, 'train/policy_loss': 1.0215056797023863, 'train/value_loss': 0.37432761129457504, 'train/terminate_rate': 1.0, 'train/replay_buffer_samples': 1048576, 'train/num_updates': 256, 'train/sample_reuse': 4.0, 'train/new_samples': 261660, 'train/value_target_fraction': 1.0, 'train/pending_steps': 32428, 'selfplay/num_simulations': 64, 'selfplay/games_finished': 4704, 'selfplay/full_search_fraction': 0.20703125, 'selfplay/draw_rate': 0.011054421768707483, 'selfplay/clock_end_rate': 0.085671768707483, 'selfplay/move_list_overflow': 0.0, 'selfplay/steps_per_game': 55.72789115646258, 'hours': 56.642821017702474, 'frames': 66584576, 'eval/mcts/score': 0.546875, 'eval/mcts/elo': 32.668018580527814, 'eval/mcts/draw_rate': 0.015625, 'eval/mcts/seconds': 109.53677034378052}
{'iteration': 255, 'train/policy_loss': 1.0250787325203419, 'train/value_loss': 0.37320541637018323, 'train/terminate_rate': 1.0, 'train/replay_buffer_samples': 1048576, 'train/num_updates': 256, 'train/sample_reuse': 4.0, 'train/new_samples': 263904, 'train/value_target_fraction': 1.0, 'train/pending_steps': 30668, 'selfplay/num_simulations': 64, 'selfplay/games_finished': 4692, 'selfplay/full_search_fraction': 0.22265625, 'selfplay/draw_rate': 0.010869565217391304, 'selfplay/clock_end_rate': 0.08653026427962489, 'selfplay/move_list_overflow': 0.0, 'selfplay/steps_per_game': 55.870417732310315, 'hours': 56.87880418631771, 'frames': 66846720}
Saving checkpoint: checkpoints/gess_joint_20261005001759/000256.ckpt
Saving data state: checkpoints/gess_joint_20261005001759/data_state.pkl
{'iteration': 256, 'train/policy_loss': 1.0188667038455606, 'train/value_loss': 0.37395863607525826, 'train/terminate_rate': 1.0, 'train/replay_buffer_samples': 1048576, 'train/num_updates': 256, 'train/sample_reuse': 4.0, 'train/new_samples': 260191, 'train/value_target_fraction': 1.0, 'train/pending_steps': 32621, 'selfplay/num_simulations': 64, 'selfplay/games_finished': 4645, 'selfplay/full_search_fraction': 0.203125, 'selfplay/draw_rate': 0.010764262648008612, 'selfplay/clock_end_rate': 0.07879440258342303, 'selfplay/move_list_overflow': 0.0, 'selfplay/steps_per_game': 56.43573735199139, 'hours': 57.11404303676557, 'frames': 67108864, 'eval/vs_baseline/avg_R': 1.0, 'eval/vs_baseline/win_rate': 1.0, 'eval/vs_baseline/draw_rate': 0.0, 'eval/vs_baseline/lose_rate': 0.0, 'eval/vs_baseline/value_mse': 0.670280933380127}
{'iteration': 257, 'train/policy_loss': 1.017776856198907, 'train/value_loss': 0.37479322822764516, 'train/terminate_rate': 1.0, 'train/replay_buffer_samples': 1048576, 'train/num_updates': 256, 'train/sample_reuse': 4.0, 'train/new_samples': 261954, 'train/value_target_fraction': 1.0, 'train/pending_steps': 32811, 'selfplay/num_simulations': 64, 'selfplay/games_finished': 4692, 'selfplay/full_search_fraction': 0.2109375, 'selfplay/draw_rate': 0.008098891730605285, 'selfplay/clock_end_rate': 0.07672634271099744, 'selfplay/move_list_overflow': 0.0, 'selfplay/steps_per_game': 55.870417732310315, 'hours': 57.34522560874626, 'frames': 67371008}
{'iteration': 258, 'train/policy_loss': 1.0128172454424202, 'train/value_loss': 0.3754558590007946, 'train/terminate_rate': 1.0, 'train/replay_buffer_samples': 1048576, 'train/num_updates': 256, 'train/sample_reuse': 4.0, 'train/new_samples': 263204, 'train/value_target_fraction': 1.0, 'train/pending_steps': 31751, 'selfplay/num_simulations': 64, 'selfplay/games_finished': 4672, 'selfplay/full_search_fraction': 0.234375, 'selfplay/draw_rate': 0.008561643835616438, 'selfplay/clock_end_rate': 0.08047945205479452, 'selfplay/move_list_overflow': 0.0, 'selfplay/steps_per_game': 56.10958904109589, 'hours': 57.59296562671666, 'frames': 67633152}
{'iteration': 259, 'train/policy_loss': 1.0174629893153906, 'train/value_loss': 0.3768395757069811, 'train/terminate_rate': 1.0, 'train/replay_buffer_samples': 1048576, 'train/num_updates': 256, 'train/sample_reuse': 4.0, 'train/new_samples': 261629, 'train/value_target_fraction': 1.0, 'train/pending_steps': 32266, 'selfplay/num_simulations': 64, 'selfplay/games_finished': 4708, 'selfplay/full_search_fraction': 0.23046875, 'selfplay/draw_rate': 0.011045029736618521, 'selfplay/clock_end_rate': 0.08220050977060323, 'selfplay/move_list_overflow': 0.0, 'selfplay/steps_per_game': 55.68054375531011, 'hours': 57.83946458968856, 'frames': 67895296, 'eval/mcts/score': 0.51171875, 'eval/mcts/elo': 8.144513059083144, 'eval/mcts/draw_rate': 0.0078125, 'eval/mcts/seconds': 101.71773886680603}
Saving checkpoint: checkpoints/gess_joint_20261005001759/000260.ckpt
Saving data state: checkpoints/gess_joint_20261005001759/data_state.pkl
{'iteration': 260, 'train/policy_loss': 1.0116022150032222, 'train/value_loss': 0.3770543863065541, 'train/terminate_rate': 1.0, 'train/replay_buffer_samples': 1048576, 'train/num_updates': 256, 'train/sample_reuse': 4.0, 'train/new_samples': 263589, 'train/value_target_fraction': 1.0, 'train/pending_steps': 30821, 'selfplay/num_simulations': 64, 'selfplay/games_finished': 4755, 'selfplay/full_search_fraction': 0.24609375, 'selfplay/draw_rate': 0.012618296529968454, 'selfplay/clock_end_rate': 0.07802313354363828, 'selfplay/move_list_overflow': 0.0, 'selfplay/steps_per_game': 55.13017875920084, 'hours': 58.092836442656036, 'frames': 68157440, 'eval/vs_baseline/avg_R': 1.0, 'eval/vs_baseline/win_rate': 1.0, 'eval/vs_baseline/draw_rate': 0.0, 'eval/vs_baseline/lose_rate': 0.0, 'eval/vs_baseline/value_mse': 0.6369911432266235}
{'iteration': 261, 'train/policy_loss': 1.004820680245757, 'train/value_loss': 0.3776017271447927, 'train/terminate_rate': 1.0, 'train/replay_buffer_samples': 1048576, 'train/num_updates': 256, 'train/sample_reuse': 4.0, 'train/new_samples': 261306, 'train/value_target_fraction': 1.0, 'train/pending_steps': 31659, 'selfplay/num_simulations': 64, 'selfplay/games_finished': 4828, 'selfplay/full_search_fraction': 0.25390625, 'selfplay/draw_rate': 0.008906379453189726, 'selfplay/clock_end_rate': 0.07311516155758079, 'selfplay/move_list_overflow': 0.0, 'selfplay/steps_per_game': 54.29660314830157, 'hours': 58.34996730996507, 'frames': 68419584}
{'iteration': 262, 'train/policy_loss': 1.0000767081510276, 'train/value_loss': 0.37468436534982175, 'train/terminate_rate': 1.0, 'train/replay_buffer_samples': 1048576, 'train/num_updates': 256, 'train/sample_reuse': 4.0, 'train/new_samples': 261104, 'train/value_target_fraction': 1.0, 'train/pending_steps': 32699, 'selfplay/num_simulations': 64, 'selfplay/games_finished': 4713, 'selfplay/full_search_fraction': 0.2421875, 'selfplay/draw_rate': 0.011882028431996604, 'selfplay/clock_end_rate': 0.08317419902397624, 'selfplay/move_list_overflow': 0.0, 'selfplay/steps_per_game': 55.62147252280925, 'hours': 58.60295282317537, 'frames': 68681728}
{'iteration': 263, 'train/policy_loss': 0.9865993035491556, 'train/value_loss': 0.37273361696861684, 'train/terminate_rate': 1.0, 'train/replay_buffer_samples': 1048576, 'train/num_updates': 256, 'train/sample_reuse': 4.0, 'train/new_samples': 263059, 'train/value_target_fraction': 1.0, 'train/pending_steps': 31784, 'selfplay/num_simulations': 64, 'selfplay/games_finished': 4627, 'selfplay/full_search_fraction': 0.2578125, 'selfplay/draw_rate': 0.014912470283120812, 'selfplay/clock_end_rate': 0.08861033066781931, 'selfplay/move_list_overflow': 0.0, 'selfplay/steps_per_game': 56.65528420142641, 'hours': 58.85650669879388, 'frames': 68943872, 'eval/mcts/score': 0.58984375, 'eval/mcts/elo': 63.11505928929254, 'eval/mcts/draw_rate': 0.0234375, 'eval/mcts/seconds': 90.98817777633667}
Saving checkpoint: checkpoints/gess_joint_20261005001759/000264.ckpt
Saving data state: checkpoints/gess_joint_20261005001759/data_state.pkl
{'iteration': 264, 'train/policy_loss': 0.9766219221055508, 'train/value_loss': 0.3725219522602856, 'train/terminate_rate': 1.0, 'train/replay_buffer_samples': 1048576, 'train/num_updates': 256, 'train/sample_reuse': 4.0, 'train/new_samples': 260422, 'train/value_target_fraction': 1.0, 'train/pending_steps': 33506, 'selfplay/num_simulations': 64, 'selfplay/games_finished': 4554, 'selfplay/full_search_fraction': 0.265625, 'selfplay/draw_rate': 0.011198945981554678, 'selfplay/clock_end_rate': 0.08805445761967501, 'selfplay/move_list_overflow': 0.0, 'selfplay/steps_per_game': 57.56346069389548, 'hours': 59.11292748279046, 'frames': 69206016, 'eval/vs_baseline/avg_R': 1.0, 'eval/vs_baseline/win_rate': 1.0, 'eval/vs_baseline/draw_rate': 0.0, 'eval/vs_baseline/lose_rate': 0.0, 'eval/vs_baseline/value_mse': 0.6600524187088013}
{'iteration': 265, 'train/policy_loss': 0.9739379691891372, 'train/value_loss': 0.37114305747672915, 'train/terminate_rate': 1.0, 'train/replay_buffer_samples': 1048576, 'train/num_updates': 256, 'train/sample_reuse': 4.0, 'train/new_samples': 261651, 'train/value_target_fraction': 1.0, 'train/pending_steps': 33999, 'selfplay/num_simulations': 64, 'selfplay/games_finished': 4512, 'selfplay/full_search_fraction': 0.24609375, 'selfplay/draw_rate': 0.010859929078014184, 'selfplay/clock_end_rate': 0.08976063829787234, 'selfplay/move_list_overflow': 0.0, 'selfplay/steps_per_game': 58.09929078014184, 'hours': 59.367392551236726, 'frames': 69468160}
{'iteration': 266, 'train/policy_loss': 0.9704880332574248, 'train/value_loss': 0.37314206932205707, 'train/terminate_rate': 1.0, 'train/replay_buffer_samples': 1048576, 'train/num_updates': 256, 'train/sample_reuse': 4.0, 'train/new_samples': 262563, 'train/value_target_fraction': 1.0, 'train/pending_steps': 33580, 'selfplay/num_simulations': 64, 'selfplay/games_finished': 4385, 'selfplay/full_search_fraction': 0.2265625, 'selfplay/draw_rate': 0.012770809578107183, 'selfplay/clock_end_rate': 0.09372862029646523, 'selfplay/move_list_overflow': 0.0, 'selfplay/steps_per_game': 59.781984036488026, 'hours': 59.613751216464614, 'frames': 69730304}
{'iteration': 267, 'train/policy_loss': 0.9675147335510701, 'train/value_loss': 0.3753295480273664, 'train/terminate_rate': 1.0, 'train/replay_buffer_samples': 1048576, 'train/num_updates': 256, 'train/sample_reuse': 4.0, 'train/new_samples': 262339, 'train/value_target_fraction': 1.0, 'train/pending_steps': 33385, 'selfplay/num_simulations': 64, 'selfplay/games_finished': 4312, 'selfplay/full_search_fraction': 0.234375, 'selfplay/draw_rate': 0.010435992578849721, 'selfplay/clock_end_rate': 0.09577922077922078, 'selfplay/move_list_overflow': 0.0, 'selfplay/steps_per_game': 60.79406307977737, 'hours': 59.855161624087266, 'frames': 69992448, 'eval/mcts/score': 0.54296875, 'eval/mcts/elo': 29.931575403173373, 'eval/mcts/draw_rate': 0.0078125, 'eval/mcts/seconds': 105.1579487323761}
Saving checkpoint: checkpoints/gess_joint_20261005001759/000268.ckpt
Saving data state: checkpoints/gess_joint_20261005001759/data_state.pkl
{'iteration': 268, 'train/policy_loss': 0.9809457748197019, 'train/value_loss': 0.3746133210370317, 'train/terminate_rate': 1.0, 'train/replay_buffer_samples': 1048576, 'train/num_updates': 256, 'train/sample_reuse': 4.0, 'train/new_samples': 261347, 'train/value_target_fraction': 1.0, 'train/pending_steps': 34182, 'selfplay/num_simulations': 64, 'selfplay/games_finished': 4363, 'selfplay/full_search_fraction': 0.23828125, 'selfplay/draw_rate': 0.012606005042402018, 'selfplay/clock_end_rate': 0.09282603713041485, 'selfplay/move_list_overflow': 0.0, 'selfplay/steps_per_game': 60.083428833371535, 'hours': 60.105428937210014, 'frames': 70254592, 'eval/vs_baseline/avg_R': 1.0, 'eval/vs_baseline/win_rate': 1.0, 'eval/vs_baseline/draw_rate': 0.0, 'eval/vs_baseline/lose_rate': 0.0, 'eval/vs_baseline/value_mse': 0.6192326545715332}
{'iteration': 269, 'train/policy_loss': 0.9777522257063538, 'train/value_loss': 0.3753971833502874, 'train/terminate_rate': 1.0, 'train/replay_buffer_samples': 1048576, 'train/num_updates': 256, 'train/sample_reuse': 4.0, 'train/new_samples': 262264, 'train/value_target_fraction': 1.0, 'train/pending_steps': 34062, 'selfplay/num_simulations': 64, 'selfplay/games_finished': 4356, 'selfplay/full_search_fraction': 0.22265625, 'selfplay/draw_rate': 0.009182736455463728, 'selfplay/clock_end_rate': 0.0913682277318641, 'selfplay/move_list_overflow': 0.0, 'selfplay/steps_per_game': 60.17998163452709, 'hours': 60.34892575105035, 'frames': 70516736}
{'iteration': 270, 'train/policy_loss': 0.9844044540077448, 'train/value_loss': 0.37590713787358254, 'train/terminate_rate': 1.0, 'train/replay_buffer_samples': 1048576, 'train/num_updates': 256, 'train/sample_reuse': 4.0, 'train/new_samples': 261998, 'train/value_target_fraction': 1.0, 'train/pending_steps': 34208, 'selfplay/num_simulations': 64, 'selfplay/games_finished': 4470, 'selfplay/full_search_fraction': 0.25390625, 'selfplay/draw_rate': 0.012304250559284116, 'selfplay/clock_end_rate': 0.08098434004474273, 'selfplay/move_list_overflow': 0.0, 'selfplay/steps_per_game': 58.645190156599554, 'hours': 60.60516592913208, 'frames': 70778880}
{'iteration': 271, 'train/policy_loss': 0.9903823409695178, 'train/value_loss': 0.37659262283705175, 'train/terminate_rate': 1.0, 'train/replay_buffer_samples': 1048576, 'train/num_updates': 256, 'train/sample_reuse': 4.0, 'train/new_samples': 264322, 'train/value_target_fraction': 1.0, 'train/pending_steps': 32030, 'selfplay/num_simulations': 64, 'selfplay/games_finished': 4545, 'selfplay/full_search_fraction': 0.2890625, 'selfplay/draw_rate': 0.009900990099009901, 'selfplay/clock_end_rate': 0.08162816281628163, 'selfplay/move_list_overflow': 0.0, 'selfplay/steps_per_game': 57.677447744774476, 'hours': 60.87657091538115, 'frames': 71041024, 'eval/mcts/score': 0.58203125, 'eval/mcts/elo': 57.52099629082576, 'eval/mcts/draw_rate': 0.0234375, 'eval/mcts/seconds': 118.67438197135925}
Saving checkpoint: checkpoints/gess_joint_20261005001759/000272.ckpt
Saving data state: checkpoints/gess_joint_20261005001759/data_state.pkl
{'iteration': 272, 'train/policy_loss': 0.9788945701438934, 'train/value_loss': 0.377536918153055, 'train/terminate_rate': 1.0, 'train/replay_buffer_samples': 1048576, 'train/num_updates': 256, 'train/sample_reuse': 4.0, 'train/new_samples': 259324, 'train/value_target_fraction': 1.0, 'train/pending_steps': 34850, 'selfplay/num_simulations': 64, 'selfplay/games_finished': 4469, 'selfplay/full_search_fraction': 0.2578125, 'selfplay/draw_rate': 0.011859476392929067, 'selfplay/clock_end_rate': 0.08905795479973148, 'selfplay/move_list_overflow': 0.0, 'selfplay/steps_per_game': 58.658312821660324, 'hours': 61.134636764592635, 'frames': 71303168, 'eval/vs_baseline/avg_R': 1.0, 'eval/vs_baseline/win_rate': 1.0, 'eval/vs_baseline/draw_rate': 0.0, 'eval/vs_baseline/lose_rate': 0.0, 'eval/vs_baseline/value_mse': 0.5788040161132812}
{'iteration': 273, 'train/policy_loss': 0.9745528055354953, 'train/value_loss': 0.37866556248627603, 'train/terminate_rate': 1.0, 'train/replay_buffer_samples': 1048576, 'train/num_updates': 256, 'train/sample_reuse': 4.0, 'train/new_samples': 263316, 'train/value_target_fraction': 1.0, 'train/pending_steps': 33678, 'selfplay/num_simulations': 64, 'selfplay/games_finished': 4498, 'selfplay/full_search_fraction': 0.2734375, 'selfplay/draw_rate': 0.01067140951534015, 'selfplay/clock_end_rate': 0.07670075589150734, 'selfplay/move_list_overflow': 0.0, 'selfplay/steps_per_game': 58.28012449977768, 'hours': 61.399463113943774, 'frames': 71565312}
{'iteration': 274, 'train/policy_loss': 0.9637985441368073, 'train/value_loss': 0.37765971140470356, 'train/terminate_rate': 1.0, 'train/replay_buffer_samples': 1048576, 'train/num_updates': 256, 'train/sample_reuse': 4.0, 'train/new_samples': 262717, 'train/value_target_fraction': 1.0, 'train/pending_steps': 33105, 'selfplay/num_simulations': 64, 'selfplay/games_finished': 4503, 'selfplay/full_search_fraction': 0.19140625, 'selfplay/draw_rate': 0.009771263602043083, 'selfplay/clock_end_rate': 0.08372196313568732, 'selfplay/move_list_overflow': 0.0, 'selfplay/steps_per_game': 58.215411947590496, 'hours': 61.62914215485259, 'frames': 71827456}
{'iteration': 275, 'train/policy_loss': 0.9532795757986605, 'train/value_loss': 0.3772275565424934, 'train/terminate_rate': 1.0, 'train/replay_buffer_samples': 1048576, 'train/num_updates': 256, 'train/sample_reuse': 4.0, 'train/new_samples': 262518, 'train/value_target_fraction': 1.0, 'train/pending_steps': 32731, 'selfplay/num_simulations': 64, 'selfplay/games_finished': 4479, 'selfplay/full_search_fraction': 0.22265625, 'selfplay/draw_rate': 0.009377093101138647, 'selfplay/clock_end_rate': 0.08595668676043759, 'selfplay/move_list_overflow': 0.0, 'selfplay/steps_per_game': 58.527349854878324, 'hours': 61.87189304338565, 'frames': 72089600, 'eval/mcts/score': 0.59375, 'eval/mcts/elo': 65.92409945839687, 'eval/mcts/draw_rate': 0.015625, 'eval/mcts/seconds': 98.98135137557983}
Saving checkpoint: checkpoints/gess_joint_20261005001759/000276.ckpt
Saving data state: checkpoints/gess_joint_20261005001759/data_state.pkl
{'iteration': 276, 'train/policy_loss': 0.9513518293388188, 'train/value_loss': 0.3781202509999275, 'train/terminate_rate': 1.0, 'train/replay_buffer_samples': 1048576, 'train/num_updates': 256, 'train/sample_reuse': 4.0, 'train/new_samples': 261424, 'train/value_target_fraction': 1.0, 'train/pending_steps': 33451, 'selfplay/num_simulations': 64, 'selfplay/games_finished': 4446, 'selfplay/full_search_fraction': 0.265625, 'selfplay/draw_rate': 0.011470985155195682, 'selfplay/clock_end_rate': 0.08636977058029689, 'selfplay/move_list_overflow': 0.0, 'selfplay/steps_per_game': 58.96176338281602, 'hours': 62.13368843482604, 'frames': 72351744, 'eval/vs_baseline/avg_R': 1.0, 'eval/vs_baseline/win_rate': 1.0, 'eval/vs_baseline/draw_rate': 0.0, 'eval/vs_baseline/lose_rate': 0.0, 'eval/vs_baseline/value_mse': 0.5873898863792419}
{'iteration': 277, 'train/policy_loss': 0.9415728694293648, 'train/value_loss': 0.3786703017540276, 'train/terminate_rate': 1.0, 'train/replay_buffer_samples': 1048576, 'train/num_updates': 256, 'train/sample_reuse': 4.0, 'train/new_samples': 263417, 'train/value_target_fraction': 1.0, 'train/pending_steps': 32178, 'selfplay/num_simulations': 64, 'selfplay/games_finished': 4663, 'selfplay/full_search_fraction': 0.23828125, 'selfplay/draw_rate': 0.01072271070126528, 'selfplay/clock_end_rate': 0.07591679176495818, 'selfplay/move_list_overflow': 0.0, 'selfplay/steps_per_game': 56.21788548144971, 'hours': 62.382920777930195, 'frames': 72613888}
{'iteration': 278, 'train/policy_loss': 0.938241220312193, 'train/value_loss': 0.37991310574579984, 'train/terminate_rate': 1.0, 'train/replay_buffer_samples': 1048576, 'train/num_updates': 256, 'train/sample_reuse': 4.0, 'train/new_samples': 262222, 'train/value_target_fraction': 1.0, 'train/pending_steps': 32100, 'selfplay/num_simulations': 64, 'selfplay/games_finished': 4778, 'selfplay/full_search_fraction': 0.19140625, 'selfplay/draw_rate': 0.008162411050648808, 'selfplay/clock_end_rate': 0.07388028463792382, 'selfplay/move_list_overflow': 0.0, 'selfplay/steps_per_game': 54.86479698618669, 'hours': 62.61257768796554, 'frames': 72876032}
{'iteration': 279, 'train/policy_loss': 0.9362508824560791, 'train/value_loss': 0.3791586805600673, 'train/terminate_rate': 1.0, 'train/replay_buffer_samples': 1048576, 'train/num_updates': 256, 'train/sample_reuse': 4.0, 'train/new_samples': 261777, 'train/value_target_fraction': 1.0, 'train/pending_steps': 32467, 'selfplay/num_simulations': 64, 'selfplay/games_finished': 4808, 'selfplay/full_search_fraction': 0.24609375, 'selfplay/draw_rate': 0.010399334442595673, 'selfplay/clock_end_rate': 0.07653910149750416, 'selfplay/move_list_overflow': 0.0, 'selfplay/steps_per_game': 54.52246256239601, 'hours': 62.86550634463632, 'frames': 73138176, 'eval/mcts/score': 0.4921875, 'eval/mcts/elo': -5.429122875709548, 'eval/mcts/draw_rate': 0.015625, 'eval/mcts/seconds': 99.23275351524353}
Saving checkpoint: checkpoints/gess_joint_20261005001759/000279.ckpt
Saving data state: checkpoints/gess_joint_20261005001759/data_state.pkl
[1;34mwandb[0m: 
[1;34mwandb[0m: 🚀 View run [33mearthy-sea-3[0m at: [34m[0m
[1;34mwandb[0m: Find logs at: [1;35mwandb/run-20261004_161741-xa7a789t/logs[0m
